******************************************************************************
             TMS320C2000 Linker PC v22.6.0                     
******************************************************************************
>> Linked Wed Aug 17 15:54:19 2022

OUTPUT FILE NAME:   <PMSM_28335.out>
ENTRY POINT SYMBOL: "_c_int00"  address: 000099b5


MEMORY CONFIGURATION

         name            origin    length      used     unused   attr    fill
----------------------  --------  ---------  --------  --------  ----  --------
PAGE 0:
  BEGIN                 00000000   00000002  00000002  00000000  RWIX
  RAMM0                 00000050   000003b0  00000004  000003ac  RWIX
  RAML0                 00008000   00001000  000001e4  00000e1c  RWIX
  RAML1                 00009000   00001000  00000b7b  00000485  RWIX
  RAML2                 0000a000   00001000  00000000  00001000  RWIX
  RAML3                 0000b000   00001000  00000000  00001000  RWIX
  ZONE7A                00200000   0000fc00  00000000  0000fc00  RWIX
  CSM_RSVD              0033ff80   00000076  00000000  00000076  RWIX
  CSM_PWL               0033fff8   00000008  00000000  00000008  RWIX
  ADC_CAL               00380080   00000009  00000007  00000002  RWIX
  IQTABLES              003fe000   00000b50  00000b50  00000000  RWIX
  IQTABLES2             003feb50   0000008c  00000000  0000008c  RWIX
  FPUTABLES             003febdc   000006a0  00000000  000006a0  RWIX
  BOOTROM               003ff27c   00000d44  00000000  00000d44  RWIX
  RESET                 003fffc0   00000002  00000000  00000002  RWIX

PAGE 1:
  BOOT_RSVD             00000002   0000004e  00000000  0000004e  RWIX
  RAMM1                 00000400   00000400  00000300  00000100  RWIX
  DEV_EMU               00000880   00000180  000000d0  000000b0  RWIX
  FLASH_REGS            00000a80   00000060  00000008  00000058  RWIX
  CSM                   00000ae0   00000010  00000010  00000000  RWIX
  ADC_MIRROR            00000b00   00000010  00000010  00000000  RWIX
  XINTF                 00000b20   00000020  0000001e  00000002  RWIX
  CPU_TIMER0            00000c00   00000008  00000008  00000000  RWIX
  CPU_TIMER1            00000c08   00000008  00000008  00000000  RWIX
  CPU_TIMER2            00000c10   00000008  00000008  00000000  RWIX
  PIE_CTRL              00000ce0   00000020  0000001a  00000006  RWIX
  PIE_VECT              00000d00   00000100  00000100  00000000  RWIX
  DMA                   00001000   00000200  000000e0  00000120  RWIX
  MCBSPA                00005000   00000040  00000025  0000001b  RWIX
  MCBSPB                00005040   00000040  00000025  0000001b  RWIX
  ECANA                 00006000   00000040  00000034  0000000c  RWIX
  ECANA_LAM             00006040   00000040  00000040  00000000  RWIX
  ECANA_MOTS            00006080   00000040  00000040  00000000  RWIX
  ECANA_MOTO            000060c0   00000040  00000040  00000000  RWIX
  ECANA_MBOX            00006100   00000100  00000100  00000000  RWIX
  ECANB                 00006200   00000040  00000034  0000000c  RWIX
  ECANB_LAM             00006240   00000040  00000040  00000000  RWIX
  ECANB_MOTS            00006280   00000040  00000040  00000000  RWIX
  ECANB_MOTO            000062c0   00000040  00000040  00000000  RWIX
  ECANB_MBOX            00006300   00000100  00000100  00000000  RWIX
  EPWM1                 00006800   00000022  00000022  00000000  RWIX
  EPWM2                 00006840   00000022  00000022  00000000  RWIX
  EPWM3                 00006880   00000022  00000022  00000000  RWIX
  EPWM4                 000068c0   00000022  00000022  00000000  RWIX
  EPWM5                 00006900   00000022  00000022  00000000  RWIX
  EPWM6                 00006940   00000022  00000022  00000000  RWIX
  ECAP1                 00006a00   00000020  00000020  00000000  RWIX
  ECAP2                 00006a20   00000020  00000020  00000000  RWIX
  ECAP3                 00006a40   00000020  00000020  00000000  RWIX
  ECAP4                 00006a60   00000020  00000020  00000000  RWIX
  ECAP5                 00006a80   00000020  00000020  00000000  RWIX
  ECAP6                 00006aa0   00000020  00000020  00000000  RWIX
  EQEP1                 00006b00   00000040  00000040  00000000  RWIX
  EQEP2                 00006b40   00000040  00000040  00000000  RWIX
  GPIOCTRL              00006f80   00000040  0000002e  00000012  RWIX
  GPIODAT               00006fc0   00000020  00000020  00000000  RWIX
  GPIOINT               00006fe0   00000020  0000000a  00000016  RWIX
  SYSTEM                00007010   00000020  00000020  00000000  RWIX
  SPIA                  00007040   00000010  00000010  00000000  RWIX
  SCIA                  00007050   00000010  00000010  00000000  RWIX
  XINTRUPT              00007070   00000010  00000010  00000000  RWIX
  ADC                   00007100   00000020  0000001e  00000002  RWIX
  SCIB                  00007750   00000010  00000010  00000000  RWIX
  SCIC                  00007770   00000010  00000010  00000000  RWIX
  I2CA                  00007900   00000040  00000022  0000001e  RWIX
  RAML4                 0000c000   00001000  000004d0  00000b30  RWIX
  RAML5                 0000d000   00001000  0000000c  00000ff4  RWIX
  RAML6                 0000e000   00001000  00000000  00001000  RWIX
  RAML7                 0000f000   00001000  00000000  00001000  RWIX
  ZONE7B                0020fc00   00000400  00000000  00000400  RWIX
  CSM_PWL               0033fff8   00000008  00000008  00000000  RWIX
  PARTID                00380090   00000001  00000001  00000000  RWIX


SECTION ALLOCATION MAP

 output                                  attributes/
section   page    origin      length       input sections
--------  ----  ----------  ----------   ----------------
codestart 
*          0    00000000    00000002     
                  00000000    00000002     DSP2833x_CodeStartBranch.obj (codestart)

.cinit     0    00008000    000001e4     
                  00008000    00000179     main.obj (.cinit)
                  00008179    00000013     main.obj (.cinit:_ACQPS)
                  0000818c    00000013     main.obj (.cinit:_ChSel)
                  0000819f    00000011     main.obj (.cinit:_eCAP)
                  000081b0    00000011     main.obj (.cinit:_ePWM)
                  000081c1    0000000e     rts2800_fpu32.lib : exit.c.obj (.cinit)
                  000081cf    00000009     main.obj (.cinit:_eQEP)
                  000081d8    00000005     rts2800_fpu32.lib : _lock.c.obj (.cinit:__lock)
                  000081dd    00000005                       : _lock.c.obj (.cinit:__unlock)
                  000081e2    00000002     --HOLE-- [fill = 0]

.text      0    00009000    00000b2b     
                  00009000    00000481     main.obj (.text)
                  00009481    0000026e     main.obj (.text:retain)
                  000096ef    000001bb     HVPM_Sensored-DevInit_F2833x.obj (.text)
                  000098aa    00000088     rts2800_fpu32.lib : fs_div28.asm.obj (.text)
                  00009932    00000083                       : fd_mpy28.asm.obj (.text)
                  000099b5    00000056                       : boot28.asm.obj (.text)
                  00009a0b    0000004b     DLOG4CHC.obj (.text)
                  00009a56    00000029     rts2800_fpu32.lib : exit.c.obj (.text)
                  00009a7f    00000024                       : cpy_tbl.c.obj (.text)
                  00009aa3    0000001f                       : fd_tol28.asm.obj (.text)
                  00009ac2    0000001d                       : memcpy.c.obj (.text)
                  00009adf    0000001c                       : fs_tofdfpu32.asm.obj (.text)
                  00009afb    00000012                       : args_main.c.obj (.text)
                  00009b0d    0000000a     HVPM_Sensored-DevInit_F2833x.obj (.text:retain)
                  00009b17    00000009     rts2800_fpu32.lib : _lock.c.obj (.text)
                  00009b20    00000008     DSP2833x_CodeStartBranch.obj (.text)
                  00009b28    00000002     rts2800_fpu32.lib : pre_init.c.obj (.text)
                  00009b2a    00000001                       : startup.c.obj (.text)

.pinit     0    00008000    00000000     UNINITIALIZED

.stack     1    00000400    00000300     UNINITIALIZED
                  00000400    00000300     --HOLE--

DevEmuRegsFile 
*          1    00000880    000000d0     UNINITIALIZED
                  00000880    000000d0     DSP2833x_GlobalVariableDefs.obj (DevEmuRegsFile)

FlashRegsFile 
*          1    00000a80    00000008     UNINITIALIZED
                  00000a80    00000008     DSP2833x_GlobalVariableDefs.obj (FlashRegsFile)

CsmRegsFile 
*          1    00000ae0    00000010     UNINITIALIZED
                  00000ae0    00000010     DSP2833x_GlobalVariableDefs.obj (CsmRegsFile)

AdcMirrorFile 
*          1    00000b00    00000010     UNINITIALIZED
                  00000b00    00000010     DSP2833x_GlobalVariableDefs.obj (AdcMirrorFile)

XintfRegsFile 
*          1    00000b20    0000001e     UNINITIALIZED
                  00000b20    0000001e     DSP2833x_GlobalVariableDefs.obj (XintfRegsFile)

CpuTimer0RegsFile 
*          1    00000c00    00000008     UNINITIALIZED
                  00000c00    00000008     DSP2833x_GlobalVariableDefs.obj (CpuTimer0RegsFile)

CpuTimer1RegsFile 
*          1    00000c08    00000008     UNINITIALIZED
                  00000c08    00000008     DSP2833x_GlobalVariableDefs.obj (CpuTimer1RegsFile)

CpuTimer2RegsFile 
*          1    00000c10    00000008     UNINITIALIZED
                  00000c10    00000008     DSP2833x_GlobalVariableDefs.obj (CpuTimer2RegsFile)

PieCtrlRegsFile 
*          1    00000ce0    0000001a     UNINITIALIZED
                  00000ce0    0000001a     DSP2833x_GlobalVariableDefs.obj (PieCtrlRegsFile)

ECanaMOTSRegsFile 
*          1    00006080    00000040     UNINITIALIZED
                  00006080    00000040     DSP2833x_GlobalVariableDefs.obj (ECanaMOTSRegsFile)

ECanaMOTORegsFile 
*          1    000060c0    00000040     UNINITIALIZED
                  000060c0    00000040     DSP2833x_GlobalVariableDefs.obj (ECanaMOTORegsFile)

ECanbMOTSRegsFile 
*          1    00006280    00000040     UNINITIALIZED
                  00006280    00000040     DSP2833x_GlobalVariableDefs.obj (ECanbMOTSRegsFile)

ECanbMOTORegsFile 
*          1    000062c0    00000040     UNINITIALIZED
                  000062c0    00000040     DSP2833x_GlobalVariableDefs.obj (ECanbMOTORegsFile)

.ebss      1    0000c000    000001b0     UNINITIALIZED
                  0000c000    00000158     main.obj (.ebss)
                  0000c158    00000010     main.obj (.ebss:_ACQPS)
                  0000c168    00000010     main.obj (.ebss:_ChSel)
                  0000c178    00000006     main.obj (.ebss:_eQEP)
                  0000c17e    00000002     rts2800_fpu32.lib : _lock.c.obj (.ebss:__lock)
                  0000c180    0000000e     main.obj (.ebss:_eCAP)
                  0000c18e    0000000e     main.obj (.ebss:_ePWM)
                  0000c19c    00000006     rts2800_fpu32.lib : exit.c.obj (.ebss)
                  0000c1a2    00000004     main.obj (.ebss:_VTimer0)
                  0000c1a6    00000004     main.obj (.ebss:_VTimer1)
                  0000c1aa    00000004     main.obj (.ebss:_VTimer2)
                  0000c1ae    00000002     rts2800_fpu32.lib : _lock.c.obj (.ebss:__unlock)

.econst    1    0000d000    0000000c     
                  0000d000    0000000c     main.obj (.econst)

IQmath     0    00009b2b    00000050     
                  00009b2b    00000029     IQmath_fpu32_coff.lib : IQ24sinPU.obj (IQmath)
                  00009b54    00000027                           : IQ24cosPU.obj (IQmath)

IQmathTables 
*          0    003fe000    00000b50     NOLOAD SECTION
                  003fe000    00000b50     IQmath_fpu32_coff.lib : IQmathTables.obj (IQmathTables)

.reset     0    003fffc0    00000002     DSECT
                  003fffc0    00000002     rts2800_fpu32.lib : boot28.asm.obj (.reset)

csm_rsvd   0    0033ff80    00000000     DSECT

csmpasswds 
*          0    0033fff8    00000000     DSECT

.adc_cal   0    00380080    00000007     NOLOAD SECTION
                  00380080    00000007     DSP2833x_ADC_cal.obj (.adc_cal)

PieVectTableFile 
*          1    00000d00    00000100     UNINITIALIZED
                  00000d00    00000100     DSP2833x_GlobalVariableDefs.obj (PieVectTableFile)

DmaRegsFile 
*          1    00001000    000000e0     UNINITIALIZED
                  00001000    000000e0     DSP2833x_GlobalVariableDefs.obj (DmaRegsFile)

McbspaRegsFile 
*          1    00005000    00000025     UNINITIALIZED
                  00005000    00000025     DSP2833x_GlobalVariableDefs.obj (McbspaRegsFile)

McbspbRegsFile 
*          1    00005040    00000025     UNINITIALIZED
                  00005040    00000025     DSP2833x_GlobalVariableDefs.obj (McbspbRegsFile)

ECanaRegsFile 
*          1    00006000    00000034     UNINITIALIZED
                  00006000    00000034     DSP2833x_GlobalVariableDefs.obj (ECanaRegsFile)

ECanaLAMRegsFile 
*          1    00006040    00000040     UNINITIALIZED
                  00006040    00000040     DSP2833x_GlobalVariableDefs.obj (ECanaLAMRegsFile)

ECanaMboxesFile 
*          1    00006100    00000100     UNINITIALIZED
                  00006100    00000100     DSP2833x_GlobalVariableDefs.obj (ECanaMboxesFile)

ECanbRegsFile 
*          1    00006200    00000034     UNINITIALIZED
                  00006200    00000034     DSP2833x_GlobalVariableDefs.obj (ECanbRegsFile)

ECanbLAMRegsFile 
*          1    00006240    00000040     UNINITIALIZED
                  00006240    00000040     DSP2833x_GlobalVariableDefs.obj (ECanbLAMRegsFile)

ECanbMboxesFile 
*          1    00006300    00000100     UNINITIALIZED
                  00006300    00000100     DSP2833x_GlobalVariableDefs.obj (ECanbMboxesFile)

EPwm1RegsFile 
*          1    00006800    00000022     UNINITIALIZED
                  00006800    00000022     DSP2833x_GlobalVariableDefs.obj (EPwm1RegsFile)

EPwm2RegsFile 
*          1    00006840    00000022     UNINITIALIZED
                  00006840    00000022     DSP2833x_GlobalVariableDefs.obj (EPwm2RegsFile)

EPwm3RegsFile 
*          1    00006880    00000022     UNINITIALIZED
                  00006880    00000022     DSP2833x_GlobalVariableDefs.obj (EPwm3RegsFile)

EPwm4RegsFile 
*          1    000068c0    00000022     UNINITIALIZED
                  000068c0    00000022     DSP2833x_GlobalVariableDefs.obj (EPwm4RegsFile)

EPwm5RegsFile 
*          1    00006900    00000022     UNINITIALIZED
                  00006900    00000022     DSP2833x_GlobalVariableDefs.obj (EPwm5RegsFile)

EPwm6RegsFile 
*          1    00006940    00000022     UNINITIALIZED
                  00006940    00000022     DSP2833x_GlobalVariableDefs.obj (EPwm6RegsFile)

ECap1RegsFile 
*          1    00006a00    00000020     UNINITIALIZED
                  00006a00    00000020     DSP2833x_GlobalVariableDefs.obj (ECap1RegsFile)

ECap2RegsFile 
*          1    00006a20    00000020     UNINITIALIZED
                  00006a20    00000020     DSP2833x_GlobalVariableDefs.obj (ECap2RegsFile)

ECap3RegsFile 
*          1    00006a40    00000020     UNINITIALIZED
                  00006a40    00000020     DSP2833x_GlobalVariableDefs.obj (ECap3RegsFile)

ECap4RegsFile 
*          1    00006a60    00000020     UNINITIALIZED
                  00006a60    00000020     DSP2833x_GlobalVariableDefs.obj (ECap4RegsFile)

ECap5RegsFile 
*          1    00006a80    00000020     UNINITIALIZED
                  00006a80    00000020     DSP2833x_GlobalVariableDefs.obj (ECap5RegsFile)

ECap6RegsFile 
*          1    00006aa0    00000020     UNINITIALIZED
                  00006aa0    00000020     DSP2833x_GlobalVariableDefs.obj (ECap6RegsFile)

EQep1RegsFile 
*          1    00006b00    00000040     UNINITIALIZED
                  00006b00    00000040     DSP2833x_GlobalVariableDefs.obj (EQep1RegsFile)

EQep2RegsFile 
*          1    00006b40    00000040     UNINITIALIZED
                  00006b40    00000040     DSP2833x_GlobalVariableDefs.obj (EQep2RegsFile)

GpioCtrlRegsFile 
*          1    00006f80    0000002e     UNINITIALIZED
                  00006f80    0000002e     DSP2833x_GlobalVariableDefs.obj (GpioCtrlRegsFile)

GpioDataRegsFile 
*          1    00006fc0    00000020     UNINITIALIZED
                  00006fc0    00000020     DSP2833x_GlobalVariableDefs.obj (GpioDataRegsFile)

GpioIntRegsFile 
*          1    00006fe0    0000000a     UNINITIALIZED
                  00006fe0    0000000a     DSP2833x_GlobalVariableDefs.obj (GpioIntRegsFile)

SysCtrlRegsFile 
*          1    00007010    00000020     UNINITIALIZED
                  00007010    00000020     DSP2833x_GlobalVariableDefs.obj (SysCtrlRegsFile)

SpiaRegsFile 
*          1    00007040    00000010     UNINITIALIZED
                  00007040    00000010     DSP2833x_GlobalVariableDefs.obj (SpiaRegsFile)

SciaRegsFile 
*          1    00007050    00000010     UNINITIALIZED
                  00007050    00000010     DSP2833x_GlobalVariableDefs.obj (SciaRegsFile)

XIntruptRegsFile 
*          1    00007070    00000010     UNINITIALIZED
                  00007070    00000010     DSP2833x_GlobalVariableDefs.obj (XIntruptRegsFile)

AdcRegsFile 
*          1    00007100    0000001e     UNINITIALIZED
                  00007100    0000001e     DSP2833x_GlobalVariableDefs.obj (AdcRegsFile)

ScibRegsFile 
*          1    00007750    00000010     UNINITIALIZED
                  00007750    00000010     DSP2833x_GlobalVariableDefs.obj (ScibRegsFile)

ScicRegsFile 
*          1    00007770    00000010     UNINITIALIZED
                  00007770    00000010     DSP2833x_GlobalVariableDefs.obj (ScicRegsFile)

I2caRegsFile 
*          1    00007900    00000022     UNINITIALIZED
                  00007900    00000022     DSP2833x_GlobalVariableDefs.obj (I2caRegsFile)

DLOG       1    0000c1b0    00000320     UNINITIALIZED
                  0000c1b0    00000320     DLOG4CHC.obj (DLOG)

CsmPwlFile 
*          1    0033fff8    00000008     UNINITIALIZED
                  0033fff8    00000008     DSP2833x_GlobalVariableDefs.obj (CsmPwlFile)

PartIdRegsFile 
*          1    00380090    00000001     UNINITIALIZED
                  00380090    00000001     DSP2833x_GlobalVariableDefs.obj (PartIdRegsFile)

ramfuncs   0    00000050    00000004     
                  00000050    00000004     DSP2833x_usDelay.obj (ramfuncs)

MODULE SUMMARY

       Module                             code   initialized data   uninitialized data
       ------                             ----   ----------------   ------------------
    .\
       DSP2833x_GlobalVariableDefs.obj    0      0                  2679              
       main.obj                           1775   470                422               
       DLOG4CHC.obj                       75     0                  800               
       HVPM_Sensored-DevInit_F2833x.obj   453    0                  0                 
       DSP2833x_CodeStartBranch.obj       10     0                  0                 
       DSP2833x_ADC_cal.obj               7      0                  0                 
       DSP2833x_usDelay.obj               4      0                  0                 
    +--+----------------------------------+------+------------------+--------------------+
       Total:                             2324   470                3901              
                                                                                      
    C:\ti\c2000\C2000Ware_4_01_00_00\libraries\math\IQmath\c28\lib\IQmath_fpu32_coff.lib
       IQmathTables.obj                   0      2896               0                 
       IQ24sinPU.obj                      41     0                  0                 
       IQ24cosPU.obj                      39     0                  0                 
    +--+----------------------------------+------+------------------+--------------------+
       Total:                             80     2896               0                 
                                                                                      
    C:\ti\ccs1200\ccs\tools\compiler\ti-cgt-c2000_22.6.0.LTS\lib\rts2800_fpu32.lib
       fs_div28.asm.obj                   136    0                  0                 
       fd_mpy28.asm.obj                   131    0                  0                 
       boot28.asm.obj                     86     0                  0                 
       exit.c.obj                         41     14                 6                 
       cpy_tbl.c.obj                      36     0                  0                 
       fd_tol28.asm.obj                   31     0                  0                 
       memcpy.c.obj                       29     0                  0                 
       fs_tofdfpu32.asm.obj               28     0                  0                 
       _lock.c.obj                        9      10                 4                 
       args_main.c.obj                    18     0                  0                 
       pre_init.c.obj                     2      0                  0                 
       startup.c.obj                      1      0                  0                 
    +--+----------------------------------+------+------------------+--------------------+
       Total:                             548    24                 10                
                                                                                      
       Stack:                             0      0                  768               
    +--+----------------------------------+------+------------------+--------------------+
       Grand Total:                       2952   3390               4679              


GLOBAL DATA SYMBOLS: SORTED BY DATA PAGE

address     data page           name
--------    ----------------    ----
00000400      10 (00000400)     __stack

00000880      22 (00000880)     _DevEmuRegs

00000a80      2a (00000a80)     _FlashRegs

00000ae0      2b (00000ac0)     _CsmRegs

00000b00      2c (00000b00)     _AdcMirror
00000b20      2c (00000b00)     _XintfRegs

00000c00      30 (00000c00)     _CpuTimer0Regs
00000c08      30 (00000c00)     _CpuTimer1Regs
00000c10      30 (00000c00)     _CpuTimer2Regs

00000ce0      33 (00000cc0)     _PieCtrlRegs

00000d00      34 (00000d00)     _PieVectTable

00001000      40 (00001000)     _DmaRegs

00005000     140 (00005000)     _McbspaRegs

00005040     141 (00005040)     _McbspbRegs

00006000     180 (00006000)     _ECanaRegs

00006040     181 (00006040)     _ECanaLAMRegs

00006080     182 (00006080)     _ECanaMOTSRegs

000060c0     183 (000060c0)     _ECanaMOTORegs

00006100     184 (00006100)     _ECanaMboxes

00006200     188 (00006200)     _ECanbRegs

00006240     189 (00006240)     _ECanbLAMRegs

00006280     18a (00006280)     _ECanbMOTSRegs

000062c0     18b (000062c0)     _ECanbMOTORegs

00006300     18c (00006300)     _ECanbMboxes

00006800     1a0 (00006800)     _EPwm1Regs

00006840     1a1 (00006840)     _EPwm2Regs

00006880     1a2 (00006880)     _EPwm3Regs

000068c0     1a3 (000068c0)     _EPwm4Regs

00006900     1a4 (00006900)     _EPwm5Regs

00006940     1a5 (00006940)     _EPwm6Regs

00006a00     1a8 (00006a00)     _ECap1Regs
00006a20     1a8 (00006a00)     _ECap2Regs

00006a40     1a9 (00006a40)     _ECap3Regs
00006a60     1a9 (00006a40)     _ECap4Regs

00006a80     1aa (00006a80)     _ECap5Regs
00006aa0     1aa (00006a80)     _ECap6Regs

00006b00     1ac (00006b00)     _EQep1Regs

00006b40     1ad (00006b40)     _EQep2Regs

00006f80     1be (00006f80)     _GpioCtrlRegs

00006fc0     1bf (00006fc0)     _GpioDataRegs
00006fe0     1bf (00006fc0)     _GpioIntRegs

00007010     1c0 (00007000)     _SysCtrlRegs

00007040     1c1 (00007040)     _SpiaRegs
00007050     1c1 (00007040)     _SciaRegs
00007070     1c1 (00007040)     _XIntruptRegs

00007100     1c4 (00007100)     _AdcRegs

00007750     1dd (00007740)     _ScibRegs
00007770     1dd (00007740)     _ScicRegs

00007900     1e4 (00007900)     _I2caRegs

0000c000     300 (0000c000)     _SerialCommsTimer
0000c001     300 (0000c000)     _OffsetFlag
0000c002     300 (0000c000)     _BackTicker
0000c003     300 (0000c000)     _lsw
0000c004     300 (0000c000)     _TripFlagDMC
0000c005     300 (0000c000)     _Init_IFlag
0000c006     300 (0000c000)     _DlogCh1
0000c007     300 (0000c000)     _DlogCh2
0000c008     300 (0000c000)     _DlogCh3
0000c009     300 (0000c000)     _DlogCh4
0000c00a     300 (0000c000)     _EnableFlag
0000c00b     300 (0000c000)     _LockRotorFlag
0000c00c     300 (0000c000)     _SpeedLoopPrescaler
0000c00d     300 (0000c000)     _SpeedLoopCount
0000c00e     300 (0000c000)     _Alpha_State_Ptr
0000c010     300 (0000c000)     _A_Task_Ptr
0000c012     300 (0000c000)     _B_Task_Ptr
0000c014     300 (0000c000)     _C_Task_Ptr
0000c016     300 (0000c000)     _offsetA
0000c018     300 (0000c000)     _offsetB
0000c01a     300 (0000c000)     _offsetC
0000c01c     300 (0000c000)     _K1
0000c01e     300 (0000c000)     _K2
0000c020     300 (0000c000)     _VdTesting
0000c022     300 (0000c000)     _VqTesting
0000c024     300 (0000c000)     _IdRef
0000c026     300 (0000c000)     _IqRef
0000c028     300 (0000c000)     _SpeedRef
0000c02a     300 (0000c000)     _T
0000c02c     300 (0000c000)     _IsrTicker
0000c02e     300 (0000c000)     _pwmdac1
0000c034     300 (0000c000)     _clarke1

0000c040     301 (0000c040)     _pwm1
0000c04a     301 (0000c040)     _rg1
0000c056     301 (0000c040)     _park1
0000c064     301 (0000c040)     _ipark1

0000c080     302 (0000c080)     _rc1
0000c090     302 (0000c080)     _svgen1
0000c0a2     302 (0000c080)     _qep1

0000c0c0     303 (0000c0c0)     _speed1
0000c0d4     303 (0000c0c0)     _dlog

0000c100     304 (0000c100)     _pi_spd
0000c118     304 (0000c100)     _pi_id

0000c140     305 (0000c140)     _pi_iq
0000c158     305 (0000c140)     _ACQPS
0000c168     305 (0000c140)     _ChSel
0000c178     305 (0000c140)     _eQEP
0000c17e     305 (0000c140)     __lock

0000c180     306 (0000c180)     _eCAP
0000c18e     306 (0000c180)     _ePWM
0000c19c     306 (0000c180)     ___TI_enable_exit_profile_output
0000c19e     306 (0000c180)     ___TI_cleanup_ptr
0000c1a0     306 (0000c180)     ___TI_dtors_ptr
0000c1a2     306 (0000c180)     _VTimer0
0000c1a6     306 (0000c180)     _VTimer1
0000c1aa     306 (0000c180)     _VTimer2
0000c1ae     306 (0000c180)     __unlock

0033fff8    cfff (0033ffc0)     _CsmPwl

00380090    e002 (00380080)     _PartIdRegs

003fe000    ff80 (003fe000)     _IQsinTable

003fe100    ff84 (003fe100)     _IQcosTable

003fe400    ff90 (003fe400)     _IQsinTableEnd

003fe502    ff94 (003fe500)     _IQcosTableEnd
003fe502    ff94 (003fe500)     _IQdivRoundSatTable
003fe510    ff94 (003fe500)     _IQdivTable

003fe712    ff9c (003fe700)     _IQdivTableEnd
003fe712    ff9c (003fe700)     _IQisqrtRoundSatTable
003fe712    ff9c (003fe700)     _IQsqrtRoundSatTable
003fe722    ff9c (003fe700)     _IQisqrtTable
003fe722    ff9c (003fe700)     _IQsqrtTable

003fe824    ffa0 (003fe800)     _IQatan2HalfPITable
003fe824    ffa0 (003fe800)     _IQisqrtTableEnd
003fe824    ffa0 (003fe800)     _IQsqrtTableEnd

003fe862    ffa1 (003fe840)     _IQatan2Table

003fe9e8    ffa7 (003fe9c0)     _IQ30mpyRndSatTable
003fe9e8    ffa7 (003fe9c0)     _IQatan2TableEnd
003fe9e8    ffa7 (003fe9c0)     _IQmpyRndSatTable
003fe9f4    ffa7 (003fe9c0)     _IQ29mpyRndSatTable

003fea00    ffa8 (003fea00)     _IQ28mpyRndSatTable
003fea0c    ffa8 (003fea00)     _IQ27mpyRndSatTable
003fea18    ffa8 (003fea00)     _IQ26mpyRndSatTable
003fea24    ffa8 (003fea00)     _IQ25mpyRndSatTable
003fea30    ffa8 (003fea00)     _IQ24mpyRndSatTable
003fea3c    ffa8 (003fea00)     _IQ23mpyRndSatTable

003fea48    ffa9 (003fea40)     _IQ22mpyRndSatTable
003fea54    ffa9 (003fea40)     _IQ21mpyRndSatTable
003fea60    ffa9 (003fea40)     _IQ20mpyRndSatTable
003fea6c    ffa9 (003fea40)     _IQ19mpyRndSatTable
003fea78    ffa9 (003fea40)     _IQ18mpyRndSatTable

003fea84    ffaa (003fea80)     _IQ17mpyRndSatTable
003fea90    ffaa (003fea80)     _IQ16mpyRndSatTable
003fea9c    ffaa (003fea80)     _IQ15mpyRndSatTable
003feaa8    ffaa (003fea80)     _IQ14mpyRndSatTable
003feab4    ffaa (003fea80)     _IQ13mpyRndSatTable

003feac0    ffab (003feac0)     _IQ12mpyRndSatTable
003feacc    ffab (003feac0)     _IQ11mpyRndSatTable
003fead8    ffab (003feac0)     _IQ10mpyRndSatTable
003feae4    ffab (003feac0)     _IQ9mpyRndSatTable
003feaf0    ffab (003feac0)     _IQ8mpyRndSatTable
003feafc    ffab (003feac0)     _IQ7mpyRndSatTable

003feb08    ffac (003feb00)     _IQ6mpyRndSatTable
003feb14    ffac (003feb00)     _IQ5mpyRndSatTable
003feb20    ffac (003feb00)     _IQ4mpyRndSatTable
003feb2c    ffac (003feb00)     _IQ3mpyRndSatTable
003feb38    ffac (003feb00)     _IQ2mpyRndSatTable

003feb44    ffad (003feb40)     _IQ1mpyRndSatTable
003feb50    ffad (003feb40)     _IQmpyRndSatTableEnd


GLOBAL SYMBOLS: SORTED ALPHABETICALLY BY Name 

page  address   name                            
----  -------   ----                            
0     00009000  .text                           
0     00009a56  C$$EXIT                         
0     00009932  FD$$MPY                         
0     00009aa3  FD$$TOL                         
0     000098aa  FS$$DIV                         
0     00009adf  FS$$TOFD                        
0     00009395  _A0                             
0     000093da  _A1                             
0     000093eb  _A2                             
0     000093f1  _A3                             
1     0000c158  _ACQPS                          
0     00380080  _ADC_cal                        
1     0000c010  _A_Task_Ptr                     
1     00000b00  _AdcMirror                      
1     00007100  _AdcRegs                        
1     0000c00e  _Alpha_State_Ptr                
0     000093ae  _B0                             
0     000093f7  _B1                             
0     000093fd  _B2                             
0     00009403  _B3                             
1     0000c012  _B_Task_Ptr                     
1     0000c002  _BackTicker                     
0     000093c4  _C0                             
0     00009409  _C1                             
0     0000942f  _C2                             
0     00009435  _C3                             
1     0000c014  _C_Task_Ptr                     
1     0000c168  _ChSel                          
1     00000c00  _CpuTimer0Regs                  
1     00000c08  _CpuTimer1Regs                  
1     00000c10  _CpuTimer2Regs                  
1     0033fff8  _CsmPwl                         
1     00000ae0  _CsmRegs                        
0     00009a0b  _DLOG_4CH_init                  
0     00009a16  _DLOG_4CH_update                
0     00000050  _DSP28x_usDelay                 
1     00000880  _DevEmuRegs                     
0     000096ef  _DeviceInit                     
1     0000c006  _DlogCh1                        
1     0000c007  _DlogCh2                        
1     0000c008  _DlogCh3                        
1     0000c009  _DlogCh4                        
1     00001000  _DmaRegs                        
1     00006040  _ECanaLAMRegs                   
1     000060c0  _ECanaMOTORegs                  
1     00006080  _ECanaMOTSRegs                  
1     00006100  _ECanaMboxes                    
1     00006000  _ECanaRegs                      
1     00006240  _ECanbLAMRegs                   
1     000062c0  _ECanbMOTORegs                  
1     00006280  _ECanbMOTSRegs                  
1     00006300  _ECanbMboxes                    
1     00006200  _ECanbRegs                      
1     00006a00  _ECap1Regs                      
1     00006a20  _ECap2Regs                      
1     00006a40  _ECap3Regs                      
1     00006a60  _ECap4Regs                      
1     00006a80  _ECap5Regs                      
1     00006aa0  _ECap6Regs                      
1     00006800  _EPwm1Regs                      
1     00006840  _EPwm2Regs                      
1     00006880  _EPwm3Regs                      
1     000068c0  _EPwm4Regs                      
1     00006900  _EPwm5Regs                      
1     00006940  _EPwm6Regs                      
1     00006b00  _EQep1Regs                      
1     00006b40  _EQep2Regs                      
1     0000c00a  _EnableFlag                     
1     00000a80  _FlashRegs                      
1     00006f80  _GpioCtrlRegs                   
1     00006fc0  _GpioDataRegs                   
1     00006fe0  _GpioIntRegs                    
0     0000943b  _HVDMC_Protection               
1     00007900  _I2caRegs                       
0     003fead8  _IQ10mpyRndSatTable             
0     003feacc  _IQ11mpyRndSatTable             
0     003feac0  _IQ12mpyRndSatTable             
0     003feab4  _IQ13mpyRndSatTable             
0     003feaa8  _IQ14mpyRndSatTable             
0     003fea9c  _IQ15mpyRndSatTable             
0     003fea90  _IQ16mpyRndSatTable             
0     003fea84  _IQ17mpyRndSatTable             
0     003fea78  _IQ18mpyRndSatTable             
0     003fea6c  _IQ19mpyRndSatTable             
0     003feb44  _IQ1mpyRndSatTable              
0     003fea60  _IQ20mpyRndSatTable             
0     003fea54  _IQ21mpyRndSatTable             
0     003fea48  _IQ22mpyRndSatTable             
0     003fea3c  _IQ23mpyRndSatTable             
0     003fea30  _IQ24mpyRndSatTable             
0     003fea24  _IQ25mpyRndSatTable             
0     003fea18  _IQ26mpyRndSatTable             
0     003fea0c  _IQ27mpyRndSatTable             
0     003fea00  _IQ28mpyRndSatTable             
0     003fe9f4  _IQ29mpyRndSatTable             
0     003feb38  _IQ2mpyRndSatTable              
0     003fe9e8  _IQ30mpyRndSatTable             
0     003feb2c  _IQ3mpyRndSatTable              
0     003feb20  _IQ4mpyRndSatTable              
0     003feb14  _IQ5mpyRndSatTable              
0     003feb08  _IQ6mpyRndSatTable              
0     003feafc  _IQ7mpyRndSatTable              
0     003feaf0  _IQ8mpyRndSatTable              
0     003feae4  _IQ9mpyRndSatTable              
0     003fe824  _IQatan2HalfPITable             
0     003fe862  _IQatan2Table                   
0     003fe9e8  _IQatan2TableEnd                
0     003fe100  _IQcosTable                     
0     003fe502  _IQcosTableEnd                  
0     003fe502  _IQdivRoundSatTable             
0     003fe510  _IQdivTable                     
0     003fe712  _IQdivTableEnd                  
0     003fe712  _IQisqrtRoundSatTable           
0     003fe722  _IQisqrtTable                   
0     003fe824  _IQisqrtTableEnd                
0     003fe9e8  _IQmpyRndSatTable               
0     003feb50  _IQmpyRndSatTableEnd            
0     003fe000  _IQsinTable                     
0     003fe400  _IQsinTableEnd                  
0     003fe712  _IQsqrtRoundSatTable            
0     003fe722  _IQsqrtTable                    
0     003fe824  _IQsqrtTableEnd                 
0     00009b0d  _ISR_ILLEGAL                    
1     0000c024  _IdRef                          
1     0000c005  _Init_IFlag                     
1     0000c026  _IqRef                          
1     0000c02c  _IsrTicker                      
1     0000c01c  _K1                             
1     0000c01e  _K2                             
1     0000c00b  _LockRotorFlag                  
0     00009481  _MainISR                        
1     00005000  _McbspaRegs                     
1     00005040  _McbspbRegs                     
0     00009897  _MemCopy                        
1     0000c001  _OffsetFlag                     
0     00009648  _OffsetISR                      
0     00009836  _PLLset                         
1     00380090  _PartIdRegs                     
0     00009859  _PieCntlInit                    
1     00000ce0  _PieCtrlRegs                    
1     00000d00  _PieVectTable                   
0     00009878  _PieVectTableInit               
1     00007050  _SciaRegs                       
1     00007750  _ScibRegs                       
1     00007770  _ScicRegs                       
1     0000c000  _SerialCommsTimer               
1     0000c00d  _SpeedLoopCount                 
1     0000c00c  _SpeedLoopPrescaler             
1     0000c028  _SpeedRef                       
1     00007040  _SpiaRegs                       
1     00007010  _SysCtrlRegs                    
1     0000c02a  _T                              
1     0000c004  _TripFlagDMC                    
1     0000c1a2  _VTimer0                        
1     0000c1a6  _VTimer1                        
1     0000c1aa  _VTimer2                        
1     0000c020  _VdTesting                      
1     0000c022  _VqTesting                      
0     0000982e  _WDogDisable                    
1     00007070  _XIntruptRegs                   
1     00000b20  _XintfRegs                      
0     00009b54  __IQ24cosPU                     
0     00009b2b  __IQ24sinPU                     
1     00000700  __STACK_END                     
abs   00000300  __STACK_SIZE                    
1     0000c19e  ___TI_cleanup_ptr               
1     0000c1a0  ___TI_dtors_ptr                 
1     0000c19c  ___TI_enable_exit_profile_output
abs   ffffffff  ___TI_pprof_out_hndl            
abs   ffffffff  ___TI_prof_data_size            
abs   ffffffff  ___TI_prof_data_start           
abs   ffffffff  ___binit__                      
abs   ffffffff  ___c_args__                     
0     00008000  ___cinit__                      
0     00009b2b  ___etext__                      
abs   ffffffff  ___pinit__                      
0     00009000  ___text__                       
0     00009afb  __args_main                     
1     0000c17e  __lock                          
0     00009b1f  __nop                           
0     00009b1b  __register_lock                 
0     00009b17  __register_unlock               
1     00000400  __stack                         
0     00009b2a  __system_post_cinit             
0     00009b28  __system_pre_init               
1     0000c1ae  __unlock                        
0     00009a56  _abort                          
0     000099b5  _c_int00                        
1     0000c034  _clarke1                        
0     00009a7f  _copy_in                        
1     0000c0d4  _dlog                           
1     0000c180  _eCAP                           
1     0000c18e  _ePWM                           
1     0000c178  _eQEP                           
0     00009a58  _exit                           
1     0000c064  _ipark1                         
1     0000c003  _lsw                            
0     00009000  _main                           
0     00009ac2  _memcpy                         
1     0000c016  _offsetA                        
1     0000c018  _offsetB                        
1     0000c01a  _offsetC                        
1     0000c056  _park1                          
1     0000c118  _pi_id                          
1     0000c140  _pi_iq                          
1     0000c100  _pi_spd                         
1     0000c040  _pwm1                           
1     0000c02e  _pwmdac1                        
1     0000c0a2  _qep1                           
1     0000c080  _rc1                            
1     0000c04a  _rg1                            
1     0000c0c0  _speed1                         
1     0000c090  _svgen1                         
abs   ffffffff  binit                           
0     00008000  cinit                           
0     00000000  code_start                      
0     00009b2b  etext                           
abs   ffffffff  pinit                           


GLOBAL SYMBOLS: SORTED BY Symbol Address 

page  address   name                            
----  -------   ----                            
0     00000000  code_start                      
0     00000050  _DSP28x_usDelay                 
0     00008000  ___cinit__                      
0     00008000  cinit                           
0     00009000  .text                           
0     00009000  ___text__                       
0     00009000  _main                           
0     00009395  _A0                             
0     000093ae  _B0                             
0     000093c4  _C0                             
0     000093da  _A1                             
0     000093eb  _A2                             
0     000093f1  _A3                             
0     000093f7  _B1                             
0     000093fd  _B2                             
0     00009403  _B3                             
0     00009409  _C1                             
0     0000942f  _C2                             
0     00009435  _C3                             
0     0000943b  _HVDMC_Protection               
0     00009481  _MainISR                        
0     00009648  _OffsetISR                      
0     000096ef  _DeviceInit                     
0     0000982e  _WDogDisable                    
0     00009836  _PLLset                         
0     00009859  _PieCntlInit                    
0     00009878  _PieVectTableInit               
0     00009897  _MemCopy                        
0     000098aa  FS$$DIV                         
0     00009932  FD$$MPY                         
0     000099b5  _c_int00                        
0     00009a0b  _DLOG_4CH_init                  
0     00009a16  _DLOG_4CH_update                
0     00009a56  C$$EXIT                         
0     00009a56  _abort                          
0     00009a58  _exit                           
0     00009a7f  _copy_in                        
0     00009aa3  FD$$TOL                         
0     00009ac2  _memcpy                         
0     00009adf  FS$$TOFD                        
0     00009afb  __args_main                     
0     00009b0d  _ISR_ILLEGAL                    
0     00009b17  __register_unlock               
0     00009b1b  __register_lock                 
0     00009b1f  __nop                           
0     00009b28  __system_pre_init               
0     00009b2a  __system_post_cinit             
0     00009b2b  __IQ24sinPU                     
0     00009b2b  ___etext__                      
0     00009b2b  etext                           
0     00009b54  __IQ24cosPU                     
0     00380080  _ADC_cal                        
0     003fe000  _IQsinTable                     
0     003fe100  _IQcosTable                     
0     003fe400  _IQsinTableEnd                  
0     003fe502  _IQcosTableEnd                  
0     003fe502  _IQdivRoundSatTable             
0     003fe510  _IQdivTable                     
0     003fe712  _IQdivTableEnd                  
0     003fe712  _IQisqrtRoundSatTable           
0     003fe712  _IQsqrtRoundSatTable            
0     003fe722  _IQisqrtTable                   
0     003fe722  _IQsqrtTable                    
0     003fe824  _IQatan2HalfPITable             
0     003fe824  _IQisqrtTableEnd                
0     003fe824  _IQsqrtTableEnd                 
0     003fe862  _IQatan2Table                   
0     003fe9e8  _IQ30mpyRndSatTable             
0     003fe9e8  _IQatan2TableEnd                
0     003fe9e8  _IQmpyRndSatTable               
0     003fe9f4  _IQ29mpyRndSatTable             
0     003fea00  _IQ28mpyRndSatTable             
0     003fea0c  _IQ27mpyRndSatTable             
0     003fea18  _IQ26mpyRndSatTable             
0     003fea24  _IQ25mpyRndSatTable             
0     003fea30  _IQ24mpyRndSatTable             
0     003fea3c  _IQ23mpyRndSatTable             
0     003fea48  _IQ22mpyRndSatTable             
0     003fea54  _IQ21mpyRndSatTable             
0     003fea60  _IQ20mpyRndSatTable             
0     003fea6c  _IQ19mpyRndSatTable             
0     003fea78  _IQ18mpyRndSatTable             
0     003fea84  _IQ17mpyRndSatTable             
0     003fea90  _IQ16mpyRndSatTable             
0     003fea9c  _IQ15mpyRndSatTable             
0     003feaa8  _IQ14mpyRndSatTable             
0     003feab4  _IQ13mpyRndSatTable             
0     003feac0  _IQ12mpyRndSatTable             
0     003feacc  _IQ11mpyRndSatTable             
0     003fead8  _IQ10mpyRndSatTable             
0     003feae4  _IQ9mpyRndSatTable              
0     003feaf0  _IQ8mpyRndSatTable              
0     003feafc  _IQ7mpyRndSatTable              
0     003feb08  _IQ6mpyRndSatTable              
0     003feb14  _IQ5mpyRndSatTable              
0     003feb20  _IQ4mpyRndSatTable              
0     003feb2c  _IQ3mpyRndSatTable              
0     003feb38  _IQ2mpyRndSatTable              
0     003feb44  _IQ1mpyRndSatTable              
0     003feb50  _IQmpyRndSatTableEnd            
1     00000400  __stack                         
1     00000700  __STACK_END                     
1     00000880  _DevEmuRegs                     
1     00000a80  _FlashRegs                      
1     00000ae0  _CsmRegs                        
1     00000b00  _AdcMirror                      
1     00000b20  _XintfRegs                      
1     00000c00  _CpuTimer0Regs                  
1     00000c08  _CpuTimer1Regs                  
1     00000c10  _CpuTimer2Regs                  
1     00000ce0  _PieCtrlRegs                    
1     00000d00  _PieVectTable                   
1     00001000  _DmaRegs                        
1     00005000  _McbspaRegs                     
1     00005040  _McbspbRegs                     
1     00006000  _ECanaRegs                      
1     00006040  _ECanaLAMRegs                   
1     00006080  _ECanaMOTSRegs                  
1     000060c0  _ECanaMOTORegs                  
1     00006100  _ECanaMboxes                    
1     00006200  _ECanbRegs                      
1     00006240  _ECanbLAMRegs                   
1     00006280  _ECanbMOTSRegs                  
1     000062c0  _ECanbMOTORegs                  
1     00006300  _ECanbMboxes                    
1     00006800  _EPwm1Regs                      
1     00006840  _EPwm2Regs                      
1     00006880  _EPwm3Regs                      
1     000068c0  _EPwm4Regs                      
1     00006900  _EPwm5Regs                      
1     00006940  _EPwm6Regs                      
1     00006a00  _ECap1Regs                      
1     00006a20  _ECap2Regs                      
1     00006a40  _ECap3Regs                      
1     00006a60  _ECap4Regs                      
1     00006a80  _ECap5Regs                      
1     00006aa0  _ECap6Regs                      
1     00006b00  _EQep1Regs                      
1     00006b40  _EQep2Regs                      
1     00006f80  _GpioCtrlRegs                   
1     00006fc0  _GpioDataRegs                   
1     00006fe0  _GpioIntRegs                    
1     00007010  _SysCtrlRegs                    
1     00007040  _SpiaRegs                       
1     00007050  _SciaRegs                       
1     00007070  _XIntruptRegs                   
1     00007100  _AdcRegs                        
1     00007750  _ScibRegs                       
1     00007770  _ScicRegs                       
1     00007900  _I2caRegs                       
1     0000c000  _SerialCommsTimer               
1     0000c001  _OffsetFlag                     
1     0000c002  _BackTicker                     
1     0000c003  _lsw                            
1     0000c004  _TripFlagDMC                    
1     0000c005  _Init_IFlag                     
1     0000c006  _DlogCh1                        
1     0000c007  _DlogCh2                        
1     0000c008  _DlogCh3                        
1     0000c009  _DlogCh4                        
1     0000c00a  _EnableFlag                     
1     0000c00b  _LockRotorFlag                  
1     0000c00c  _SpeedLoopPrescaler             
1     0000c00d  _SpeedLoopCount                 
1     0000c00e  _Alpha_State_Ptr                
1     0000c010  _A_Task_Ptr                     
1     0000c012  _B_Task_Ptr                     
1     0000c014  _C_Task_Ptr                     
1     0000c016  _offsetA                        
1     0000c018  _offsetB                        
1     0000c01a  _offsetC                        
1     0000c01c  _K1                             
1     0000c01e  _K2                             
1     0000c020  _VdTesting                      
1     0000c022  _VqTesting                      
1     0000c024  _IdRef                          
1     0000c026  _IqRef                          
1     0000c028  _SpeedRef                       
1     0000c02a  _T                              
1     0000c02c  _IsrTicker                      
1     0000c02e  _pwmdac1                        
1     0000c034  _clarke1                        
1     0000c040  _pwm1                           
1     0000c04a  _rg1                            
1     0000c056  _park1                          
1     0000c064  _ipark1                         
1     0000c080  _rc1                            
1     0000c090  _svgen1                         
1     0000c0a2  _qep1                           
1     0000c0c0  _speed1                         
1     0000c0d4  _dlog                           
1     0000c100  _pi_spd                         
1     0000c118  _pi_id                          
1     0000c140  _pi_iq                          
1     0000c158  _ACQPS                          
1     0000c168  _ChSel                          
1     0000c178  _eQEP                           
1     0000c17e  __lock                          
1     0000c180  _eCAP                           
1     0000c18e  _ePWM                           
1     0000c19c  ___TI_enable_exit_profile_output
1     0000c19e  ___TI_cleanup_ptr               
1     0000c1a0  ___TI_dtors_ptr                 
1     0000c1a2  _VTimer0                        
1     0000c1a6  _VTimer1                        
1     0000c1aa  _VTimer2                        
1     0000c1ae  __unlock                        
1     0033fff8  _CsmPwl                         
1     00380090  _PartIdRegs                     
abs   00000300  __STACK_SIZE                    
abs   ffffffff  ___TI_pprof_out_hndl            
abs   ffffffff  ___TI_prof_data_size            
abs   ffffffff  ___TI_prof_data_start           
abs   ffffffff  ___binit__                      
abs   ffffffff  ___c_args__                     
abs   ffffffff  ___pinit__                      
abs   ffffffff  binit                           
abs   ffffffff  pinit                           

[218 symbols]
