<?xml version="1.0" encoding="ISO-8859-1" ?>
<link_info>
   <banner>TMS320C2000 Linker PC v22.6.0.LTS</banner>
   <copyright>Copyright (c) 1996-2018 Texas Instruments Incorporated</copyright>
   <link_time>0x62fc9eab</link_time>
   <link_errors>0x0</link_errors>
   <output_file>PMSM_28335.out</output_file>
   <entry_point>
      <name>_c_int00</name>
      <address>0x99b5</address>
   </entry_point>
   <input_file_list>
      <input_file id="fl-2">
         <path>.\</path>
         <kind>object</kind>
         <file>DLOG4CHC.obj</file>
         <name>DLOG4CHC.obj</name>
      </input_file>
      <input_file id="fl-3">
         <path>.\</path>
         <kind>object</kind>
         <file>DSP2833x_ADC_cal.obj</file>
         <name>DSP2833x_ADC_cal.obj</name>
      </input_file>
      <input_file id="fl-4">
         <path>.\</path>
         <kind>object</kind>
         <file>DSP2833x_CodeStartBranch.obj</file>
         <name>DSP2833x_CodeStartBranch.obj</name>
      </input_file>
      <input_file id="fl-5">
         <path>.\</path>
         <kind>object</kind>
         <file>DSP2833x_GlobalVariableDefs.obj</file>
         <name>DSP2833x_GlobalVariableDefs.obj</name>
      </input_file>
      <input_file id="fl-6">
         <path>.\</path>
         <kind>object</kind>
         <file>DSP2833x_usDelay.obj</file>
         <name>DSP2833x_usDelay.obj</name>
      </input_file>
      <input_file id="fl-7">
         <path>.\</path>
         <kind>object</kind>
         <file>HVPM_Sensored-DevInit_F2833x.obj</file>
         <name>HVPM_Sensored-DevInit_F2833x.obj</name>
      </input_file>
      <input_file id="fl-8">
         <path>.\</path>
         <kind>object</kind>
         <file>main.obj</file>
         <name>main.obj</name>
      </input_file>
      <input_file id="fl-f">
         <kind>object</kind>
         <file>&lt;internal&gt;</file>
         <name>&lt;internal&gt;</name>
      </input_file>
      <input_file id="fl-16">
         <path>C:\ti\c2000\C2000Ware_4_01_00_00\libraries\math\IQmath\c28\lib\</path>
         <kind>archive</kind>
         <file>IQmath_fpu32_coff.lib</file>
         <name>IQ24cosPU.obj</name>
      </input_file>
      <input_file id="fl-17">
         <path>C:\ti\c2000\C2000Ware_4_01_00_00\libraries\math\IQmath\c28\lib\</path>
         <kind>archive</kind>
         <file>IQmath_fpu32_coff.lib</file>
         <name>IQ24sinPU.obj</name>
      </input_file>
      <input_file id="fl-18">
         <path>C:\ti\c2000\C2000Ware_4_01_00_00\libraries\math\IQmath\c28\lib\</path>
         <kind>archive</kind>
         <file>IQmath_fpu32_coff.lib</file>
         <name>IQmathTables.obj</name>
      </input_file>
      <input_file id="fl-24">
         <path>C:\ti\ccs1200\ccs\tools\compiler\ti-cgt-c2000_22.6.0.LTS\lib\</path>
         <kind>archive</kind>
         <file>rts2800_fpu32.lib</file>
         <name>boot28.asm.obj</name>
      </input_file>
      <input_file id="fl-25">
         <path>C:\ti\ccs1200\ccs\tools\compiler\ti-cgt-c2000_22.6.0.LTS\lib\</path>
         <kind>archive</kind>
         <file>rts2800_fpu32.lib</file>
         <name>fd_mpy28.asm.obj</name>
      </input_file>
      <input_file id="fl-26">
         <path>C:\ti\ccs1200\ccs\tools\compiler\ti-cgt-c2000_22.6.0.LTS\lib\</path>
         <kind>archive</kind>
         <file>rts2800_fpu32.lib</file>
         <name>fd_tol28.asm.obj</name>
      </input_file>
      <input_file id="fl-27">
         <path>C:\ti\ccs1200\ccs\tools\compiler\ti-cgt-c2000_22.6.0.LTS\lib\</path>
         <kind>archive</kind>
         <file>rts2800_fpu32.lib</file>
         <name>fs_div28.asm.obj</name>
      </input_file>
      <input_file id="fl-28">
         <path>C:\ti\ccs1200\ccs\tools\compiler\ti-cgt-c2000_22.6.0.LTS\lib\</path>
         <kind>archive</kind>
         <file>rts2800_fpu32.lib</file>
         <name>fs_tofdfpu32.asm.obj</name>
      </input_file>
      <input_file id="fl-29">
         <path>C:\ti\ccs1200\ccs\tools\compiler\ti-cgt-c2000_22.6.0.LTS\lib\</path>
         <kind>archive</kind>
         <file>rts2800_fpu32.lib</file>
         <name>cpy_tbl.c.obj</name>
      </input_file>
      <input_file id="fl-2a">
         <path>C:\ti\ccs1200\ccs\tools\compiler\ti-cgt-c2000_22.6.0.LTS\lib\</path>
         <kind>archive</kind>
         <file>rts2800_fpu32.lib</file>
         <name>memcpy.c.obj</name>
      </input_file>
      <input_file id="fl-2b">
         <path>C:\ti\ccs1200\ccs\tools\compiler\ti-cgt-c2000_22.6.0.LTS\lib\</path>
         <kind>archive</kind>
         <file>rts2800_fpu32.lib</file>
         <name>pre_init.c.obj</name>
      </input_file>
      <input_file id="fl-2c">
         <path>C:\ti\ccs1200\ccs\tools\compiler\ti-cgt-c2000_22.6.0.LTS\lib\</path>
         <kind>archive</kind>
         <file>rts2800_fpu32.lib</file>
         <name>startup.c.obj</name>
      </input_file>
      <input_file id="fl-2d">
         <path>C:\ti\ccs1200\ccs\tools\compiler\ti-cgt-c2000_22.6.0.LTS\lib\</path>
         <kind>archive</kind>
         <file>rts2800_fpu32.lib</file>
         <name>exit.c.obj</name>
      </input_file>
      <input_file id="fl-2e">
         <path>C:\ti\ccs1200\ccs\tools\compiler\ti-cgt-c2000_22.6.0.LTS\lib\</path>
         <kind>archive</kind>
         <file>rts2800_fpu32.lib</file>
         <name>_lock.c.obj</name>
      </input_file>
      <input_file id="fl-2f">
         <path>C:\ti\ccs1200\ccs\tools\compiler\ti-cgt-c2000_22.6.0.LTS\lib\</path>
         <kind>archive</kind>
         <file>rts2800_fpu32.lib</file>
         <name>args_main.c.obj</name>
      </input_file>
   </input_file_list>
   <object_component_list>
      <object_component id="oc-58">
         <name>codestart</name>
         <load_address>0x0</load_address>
         <run_address>0x0</run_address>
         <size>0x2</size>
         <input_file_ref idref="fl-4"/>
      </object_component>
      <object_component id="oc-f9">
         <name>.text</name>
         <load_address>0x9000</load_address>
         <run_address>0x9000</run_address>
         <size>0x481</size>
         <input_file_ref idref="fl-8"/>
      </object_component>
      <object_component id="oc-a2">
         <name>.text:retain</name>
         <load_address>0x9481</load_address>
         <run_address>0x9481</run_address>
         <size>0x26e</size>
         <input_file_ref idref="fl-8"/>
      </object_component>
      <object_component id="oc-fc">
         <name>.text</name>
         <load_address>0x96ef</load_address>
         <run_address>0x96ef</run_address>
         <size>0x1bb</size>
         <input_file_ref idref="fl-7"/>
      </object_component>
      <object_component id="oc-c1">
         <name>.text</name>
         <load_address>0x98aa</load_address>
         <run_address>0x98aa</run_address>
         <size>0x88</size>
         <input_file_ref idref="fl-27"/>
      </object_component>
      <object_component id="oc-b7">
         <name>.text</name>
         <load_address>0x9932</load_address>
         <run_address>0x9932</run_address>
         <size>0x83</size>
         <input_file_ref idref="fl-25"/>
      </object_component>
      <object_component id="oc-4b">
         <name>.text</name>
         <load_address>0x99b5</load_address>
         <run_address>0x99b5</run_address>
         <size>0x56</size>
         <input_file_ref idref="fl-24"/>
      </object_component>
      <object_component id="oc-4c">
         <name>.text</name>
         <load_address>0x9a0b</load_address>
         <run_address>0x9a0b</run_address>
         <size>0x4b</size>
         <input_file_ref idref="fl-2"/>
      </object_component>
      <object_component id="oc-f4">
         <name>.text</name>
         <load_address>0x9a56</load_address>
         <run_address>0x9a56</run_address>
         <size>0x29</size>
         <input_file_ref idref="fl-2d"/>
      </object_component>
      <object_component id="oc-f1">
         <name>.text</name>
         <load_address>0x9a7f</load_address>
         <run_address>0x9a7f</run_address>
         <size>0x24</size>
         <input_file_ref idref="fl-29"/>
      </object_component>
      <object_component id="oc-bc">
         <name>.text</name>
         <load_address>0x9aa3</load_address>
         <run_address>0x9aa3</run_address>
         <size>0x1f</size>
         <input_file_ref idref="fl-26"/>
      </object_component>
      <object_component id="oc-f8">
         <name>.text</name>
         <load_address>0x9ac2</load_address>
         <run_address>0x9ac2</run_address>
         <size>0x1d</size>
         <input_file_ref idref="fl-2a"/>
      </object_component>
      <object_component id="oc-c6">
         <name>.text</name>
         <load_address>0x9adf</load_address>
         <run_address>0x9adf</run_address>
         <size>0x1c</size>
         <input_file_ref idref="fl-28"/>
      </object_component>
      <object_component id="oc-f3">
         <name>.text</name>
         <load_address>0x9afb</load_address>
         <run_address>0x9afb</run_address>
         <size>0x12</size>
         <input_file_ref idref="fl-2f"/>
      </object_component>
      <object_component id="oc-9a">
         <name>.text:retain</name>
         <load_address>0x9b0d</load_address>
         <run_address>0x9b0d</run_address>
         <size>0xa</size>
         <input_file_ref idref="fl-7"/>
      </object_component>
      <object_component id="oc-104">
         <name>.text</name>
         <load_address>0x9b17</load_address>
         <run_address>0x9b17</run_address>
         <size>0x9</size>
         <input_file_ref idref="fl-2e"/>
      </object_component>
      <object_component id="oc-57">
         <name>.text</name>
         <load_address>0x9b20</load_address>
         <run_address>0x9b20</run_address>
         <size>0x8</size>
         <input_file_ref idref="fl-4"/>
      </object_component>
      <object_component id="oc-f0">
         <name>.text</name>
         <load_address>0x9b28</load_address>
         <run_address>0x9b28</run_address>
         <size>0x2</size>
         <input_file_ref idref="fl-2b"/>
      </object_component>
      <object_component id="oc-f2">
         <name>.text</name>
         <load_address>0x9b2a</load_address>
         <run_address>0x9b2a</run_address>
         <size>0x1</size>
         <input_file_ref idref="fl-2c"/>
      </object_component>
      <object_component id="oc-a0">
         <name>.cinit</name>
         <load_address>0x8000</load_address>
         <run_address>0x8000</run_address>
         <size>0x179</size>
         <input_file_ref idref="fl-8"/>
      </object_component>
      <object_component id="oc-100">
         <name>.cinit:_ACQPS</name>
         <load_address>0x8179</load_address>
         <run_address>0x8179</run_address>
         <size>0x13</size>
         <input_file_ref idref="fl-8"/>
      </object_component>
      <object_component id="oc-fe">
         <name>.cinit:_ChSel</name>
         <load_address>0x818c</load_address>
         <run_address>0x818c</run_address>
         <size>0x13</size>
         <input_file_ref idref="fl-8"/>
      </object_component>
      <object_component id="oc-70">
         <name>.cinit:_eCAP</name>
         <load_address>0x819f</load_address>
         <run_address>0x819f</run_address>
         <size>0x11</size>
         <input_file_ref idref="fl-8"/>
      </object_component>
      <object_component id="oc-79">
         <name>.cinit:_ePWM</name>
         <load_address>0x81b0</load_address>
         <run_address>0x81b0</run_address>
         <size>0x11</size>
         <input_file_ref idref="fl-8"/>
      </object_component>
      <object_component id="oc-e0">
         <name>.cinit</name>
         <load_address>0x81c1</load_address>
         <run_address>0x81c1</run_address>
         <size>0xe</size>
         <input_file_ref idref="fl-2d"/>
      </object_component>
      <object_component id="oc-8c">
         <name>.cinit:_eQEP</name>
         <load_address>0x81cf</load_address>
         <run_address>0x81cf</run_address>
         <size>0x9</size>
         <input_file_ref idref="fl-8"/>
      </object_component>
      <object_component id="oc-fb">
         <name>.cinit:__lock</name>
         <load_address>0x81d8</load_address>
         <run_address>0x81d8</run_address>
         <size>0x5</size>
         <input_file_ref idref="fl-2e"/>
      </object_component>
      <object_component id="oc-105">
         <name>.cinit:__unlock</name>
         <load_address>0x81dd</load_address>
         <run_address>0x81dd</run_address>
         <size>0x5</size>
         <input_file_ref idref="fl-2e"/>
      </object_component>
      <object_component id="oc-b1">
         <name>.stack</name>
         <uninitialized>true</uninitialized>
         <run_address>0x400</run_address>
         <size>0x0</size>
         <input_file_ref idref="fl-24"/>
      </object_component>
      <object_component id="oc-15f">
         <name>.stack</name>
         <uninitialized>true</uninitialized>
         <run_address>0x400</run_address>
         <size>0x0</size>
      </object_component>
      <object_component id="oc-a1">
         <name>.ebss</name>
         <uninitialized>true</uninitialized>
         <run_address>0xc000</run_address>
         <size>0x158</size>
         <input_file_ref idref="fl-8"/>
      </object_component>
      <object_component id="oc-101">
         <name>.ebss:_VTimer0</name>
         <uninitialized>true</uninitialized>
         <run_address>0xc1a2</run_address>
         <size>0x4</size>
         <input_file_ref idref="fl-8"/>
      </object_component>
      <object_component id="oc-102">
         <name>.ebss:_VTimer1</name>
         <uninitialized>true</uninitialized>
         <run_address>0xc1a6</run_address>
         <size>0x4</size>
         <input_file_ref idref="fl-8"/>
      </object_component>
      <object_component id="oc-103">
         <name>.ebss:_VTimer2</name>
         <uninitialized>true</uninitialized>
         <run_address>0xc1aa</run_address>
         <size>0x4</size>
         <input_file_ref idref="fl-8"/>
      </object_component>
      <object_component id="oc-f7">
         <name>.ebss:_eQEP</name>
         <uninitialized>true</uninitialized>
         <run_address>0xc178</run_address>
         <size>0x6</size>
         <input_file_ref idref="fl-8"/>
      </object_component>
      <object_component id="oc-f6">
         <name>.ebss:_ePWM</name>
         <uninitialized>true</uninitialized>
         <run_address>0xc18e</run_address>
         <size>0xe</size>
         <input_file_ref idref="fl-8"/>
      </object_component>
      <object_component id="oc-f5">
         <name>.ebss:_eCAP</name>
         <uninitialized>true</uninitialized>
         <run_address>0xc180</run_address>
         <size>0xe</size>
         <input_file_ref idref="fl-8"/>
      </object_component>
      <object_component id="oc-fd">
         <name>.ebss:_ChSel</name>
         <uninitialized>true</uninitialized>
         <run_address>0xc168</run_address>
         <size>0x10</size>
         <input_file_ref idref="fl-8"/>
      </object_component>
      <object_component id="oc-ff">
         <name>.ebss:_ACQPS</name>
         <uninitialized>true</uninitialized>
         <run_address>0xc158</run_address>
         <size>0x10</size>
         <input_file_ref idref="fl-8"/>
      </object_component>
      <object_component id="oc-e1">
         <name>.ebss</name>
         <uninitialized>true</uninitialized>
         <run_address>0xc19c</run_address>
         <size>0x6</size>
         <input_file_ref idref="fl-2d"/>
      </object_component>
      <object_component id="oc-fa">
         <name>.ebss:__lock</name>
         <uninitialized>true</uninitialized>
         <run_address>0xc17e</run_address>
         <size>0x2</size>
         <input_file_ref idref="fl-2e"/>
      </object_component>
      <object_component id="oc-106">
         <name>.ebss:__unlock</name>
         <uninitialized>true</uninitialized>
         <run_address>0xc1ae</run_address>
         <size>0x2</size>
         <input_file_ref idref="fl-2e"/>
      </object_component>
      <object_component id="oc-a3">
         <name>.econst</name>
         <load_address>0xd000</load_address>
         <run_address>0xd000</run_address>
         <size>0xc</size>
         <input_file_ref idref="fl-8"/>
      </object_component>
      <object_component id="oc-ac">
         <name>IQmath</name>
         <load_address>0x9b2b</load_address>
         <run_address>0x9b2b</run_address>
         <size>0x29</size>
         <input_file_ref idref="fl-17"/>
      </object_component>
      <object_component id="oc-a8">
         <name>IQmath</name>
         <load_address>0x9b54</load_address>
         <run_address>0x9b54</run_address>
         <size>0x27</size>
         <input_file_ref idref="fl-16"/>
      </object_component>
      <object_component id="oc-b0">
         <name>IQmathTables</name>
         <load_address>0x3fe000</load_address>
         <run_address>0x3fe000</run_address>
         <size>0xb50</size>
         <input_file_ref idref="fl-18"/>
      </object_component>
      <object_component id="oc-b2">
         <name>.reset</name>
         <load_address>0x3fffc0</load_address>
         <run_address>0x3fffc0</run_address>
         <size>0x2</size>
         <input_file_ref idref="fl-24"/>
      </object_component>
      <object_component id="oc-52">
         <name>.adc_cal</name>
         <load_address>0x380080</load_address>
         <run_address>0x380080</run_address>
         <size>0x7</size>
         <input_file_ref idref="fl-3"/>
      </object_component>
      <object_component id="oc-92">
         <name>PieVectTableFile</name>
         <uninitialized>true</uninitialized>
         <run_address>0xd00</run_address>
         <size>0x100</size>
         <input_file_ref idref="fl-5"/>
      </object_component>
      <object_component id="oc-8e">
         <name>DevEmuRegsFile</name>
         <uninitialized>true</uninitialized>
         <run_address>0x880</run_address>
         <size>0xd0</size>
         <input_file_ref idref="fl-5"/>
      </object_component>
      <object_component id="oc-63">
         <name>FlashRegsFile</name>
         <uninitialized>true</uninitialized>
         <run_address>0xa80</run_address>
         <size>0x8</size>
         <input_file_ref idref="fl-5"/>
      </object_component>
      <object_component id="oc-66">
         <name>CsmRegsFile</name>
         <uninitialized>true</uninitialized>
         <run_address>0xae0</run_address>
         <size>0x10</size>
         <input_file_ref idref="fl-5"/>
      </object_component>
      <object_component id="oc-65">
         <name>AdcMirrorFile</name>
         <uninitialized>true</uninitialized>
         <run_address>0xb00</run_address>
         <size>0x10</size>
         <input_file_ref idref="fl-5"/>
      </object_component>
      <object_component id="oc-6e">
         <name>XintfRegsFile</name>
         <uninitialized>true</uninitialized>
         <run_address>0xb20</run_address>
         <size>0x1e</size>
         <input_file_ref idref="fl-5"/>
      </object_component>
      <object_component id="oc-5f">
         <name>CpuTimer0RegsFile</name>
         <uninitialized>true</uninitialized>
         <run_address>0xc00</run_address>
         <size>0x8</size>
         <input_file_ref idref="fl-5"/>
      </object_component>
      <object_component id="oc-60">
         <name>CpuTimer1RegsFile</name>
         <uninitialized>true</uninitialized>
         <run_address>0xc08</run_address>
         <size>0x8</size>
         <input_file_ref idref="fl-5"/>
      </object_component>
      <object_component id="oc-61">
         <name>CpuTimer2RegsFile</name>
         <uninitialized>true</uninitialized>
         <run_address>0xc10</run_address>
         <size>0x8</size>
         <input_file_ref idref="fl-5"/>
      </object_component>
      <object_component id="oc-6c">
         <name>PieCtrlRegsFile</name>
         <uninitialized>true</uninitialized>
         <run_address>0xce0</run_address>
         <size>0x1a</size>
         <input_file_ref idref="fl-5"/>
      </object_component>
      <object_component id="oc-8f">
         <name>DmaRegsFile</name>
         <uninitialized>true</uninitialized>
         <run_address>0x1000</run_address>
         <size>0xe0</size>
         <input_file_ref idref="fl-5"/>
      </object_component>
      <object_component id="oc-80">
         <name>McbspaRegsFile</name>
         <uninitialized>true</uninitialized>
         <run_address>0x5000</run_address>
         <size>0x25</size>
         <input_file_ref idref="fl-5"/>
      </object_component>
      <object_component id="oc-81">
         <name>McbspbRegsFile</name>
         <uninitialized>true</uninitialized>
         <run_address>0x5040</run_address>
         <size>0x25</size>
         <input_file_ref idref="fl-5"/>
      </object_component>
      <object_component id="oc-83">
         <name>ECanaRegsFile</name>
         <uninitialized>true</uninitialized>
         <run_address>0x6000</run_address>
         <size>0x34</size>
         <input_file_ref idref="fl-5"/>
      </object_component>
      <object_component id="oc-85">
         <name>ECanaLAMRegsFile</name>
         <uninitialized>true</uninitialized>
         <run_address>0x6040</run_address>
         <size>0x40</size>
         <input_file_ref idref="fl-5"/>
      </object_component>
      <object_component id="oc-90">
         <name>ECanaMboxesFile</name>
         <uninitialized>true</uninitialized>
         <run_address>0x6100</run_address>
         <size>0x100</size>
         <input_file_ref idref="fl-5"/>
      </object_component>
      <object_component id="oc-86">
         <name>ECanaMOTSRegsFile</name>
         <uninitialized>true</uninitialized>
         <run_address>0x6080</run_address>
         <size>0x40</size>
         <input_file_ref idref="fl-5"/>
      </object_component>
      <object_component id="oc-87">
         <name>ECanaMOTORegsFile</name>
         <uninitialized>true</uninitialized>
         <run_address>0x60c0</run_address>
         <size>0x40</size>
         <input_file_ref idref="fl-5"/>
      </object_component>
      <object_component id="oc-84">
         <name>ECanbRegsFile</name>
         <uninitialized>true</uninitialized>
         <run_address>0x6200</run_address>
         <size>0x34</size>
         <input_file_ref idref="fl-5"/>
      </object_component>
      <object_component id="oc-88">
         <name>ECanbLAMRegsFile</name>
         <uninitialized>true</uninitialized>
         <run_address>0x6240</run_address>
         <size>0x40</size>
         <input_file_ref idref="fl-5"/>
      </object_component>
      <object_component id="oc-91">
         <name>ECanbMboxesFile</name>
         <uninitialized>true</uninitialized>
         <run_address>0x6300</run_address>
         <size>0x100</size>
         <input_file_ref idref="fl-5"/>
      </object_component>
      <object_component id="oc-89">
         <name>ECanbMOTSRegsFile</name>
         <uninitialized>true</uninitialized>
         <run_address>0x6280</run_address>
         <size>0x40</size>
         <input_file_ref idref="fl-5"/>
      </object_component>
      <object_component id="oc-8a">
         <name>ECanbMOTORegsFile</name>
         <uninitialized>true</uninitialized>
         <run_address>0x62c0</run_address>
         <size>0x40</size>
         <input_file_ref idref="fl-5"/>
      </object_component>
      <object_component id="oc-78">
         <name>EPwm1RegsFile</name>
         <uninitialized>true</uninitialized>
         <run_address>0x6800</run_address>
         <size>0x22</size>
         <input_file_ref idref="fl-5"/>
      </object_component>
      <object_component id="oc-7a">
         <name>EPwm2RegsFile</name>
         <uninitialized>true</uninitialized>
         <run_address>0x6840</run_address>
         <size>0x22</size>
         <input_file_ref idref="fl-5"/>
      </object_component>
      <object_component id="oc-7b">
         <name>EPwm3RegsFile</name>
         <uninitialized>true</uninitialized>
         <run_address>0x6880</run_address>
         <size>0x22</size>
         <input_file_ref idref="fl-5"/>
      </object_component>
      <object_component id="oc-7c">
         <name>EPwm4RegsFile</name>
         <uninitialized>true</uninitialized>
         <run_address>0x68c0</run_address>
         <size>0x22</size>
         <input_file_ref idref="fl-5"/>
      </object_component>
      <object_component id="oc-7d">
         <name>EPwm5RegsFile</name>
         <uninitialized>true</uninitialized>
         <run_address>0x6900</run_address>
         <size>0x22</size>
         <input_file_ref idref="fl-5"/>
      </object_component>
      <object_component id="oc-7e">
         <name>EPwm6RegsFile</name>
         <uninitialized>true</uninitialized>
         <run_address>0x6940</run_address>
         <size>0x22</size>
         <input_file_ref idref="fl-5"/>
      </object_component>
      <object_component id="oc-6f">
         <name>ECap1RegsFile</name>
         <uninitialized>true</uninitialized>
         <run_address>0x6a00</run_address>
         <size>0x20</size>
         <input_file_ref idref="fl-5"/>
      </object_component>
      <object_component id="oc-71">
         <name>ECap2RegsFile</name>
         <uninitialized>true</uninitialized>
         <run_address>0x6a20</run_address>
         <size>0x20</size>
         <input_file_ref idref="fl-5"/>
      </object_component>
      <object_component id="oc-72">
         <name>ECap3RegsFile</name>
         <uninitialized>true</uninitialized>
         <run_address>0x6a40</run_address>
         <size>0x20</size>
         <input_file_ref idref="fl-5"/>
      </object_component>
      <object_component id="oc-73">
         <name>ECap4RegsFile</name>
         <uninitialized>true</uninitialized>
         <run_address>0x6a60</run_address>
         <size>0x20</size>
         <input_file_ref idref="fl-5"/>
      </object_component>
      <object_component id="oc-74">
         <name>ECap5RegsFile</name>
         <uninitialized>true</uninitialized>
         <run_address>0x6a80</run_address>
         <size>0x20</size>
         <input_file_ref idref="fl-5"/>
      </object_component>
      <object_component id="oc-75">
         <name>ECap6RegsFile</name>
         <uninitialized>true</uninitialized>
         <run_address>0x6aa0</run_address>
         <size>0x20</size>
         <input_file_ref idref="fl-5"/>
      </object_component>
      <object_component id="oc-8b">
         <name>EQep1RegsFile</name>
         <uninitialized>true</uninitialized>
         <run_address>0x6b00</run_address>
         <size>0x40</size>
         <input_file_ref idref="fl-5"/>
      </object_component>
      <object_component id="oc-8d">
         <name>EQep2RegsFile</name>
         <uninitialized>true</uninitialized>
         <run_address>0x6b40</run_address>
         <size>0x40</size>
         <input_file_ref idref="fl-5"/>
      </object_component>
      <object_component id="oc-82">
         <name>GpioCtrlRegsFile</name>
         <uninitialized>true</uninitialized>
         <run_address>0x6f80</run_address>
         <size>0x2e</size>
         <input_file_ref idref="fl-5"/>
      </object_component>
      <object_component id="oc-76">
         <name>GpioDataRegsFile</name>
         <uninitialized>true</uninitialized>
         <run_address>0x6fc0</run_address>
         <size>0x20</size>
         <input_file_ref idref="fl-5"/>
      </object_component>
      <object_component id="oc-64">
         <name>GpioIntRegsFile</name>
         <uninitialized>true</uninitialized>
         <run_address>0x6fe0</run_address>
         <size>0xa</size>
         <input_file_ref idref="fl-5"/>
      </object_component>
      <object_component id="oc-77">
         <name>SysCtrlRegsFile</name>
         <uninitialized>true</uninitialized>
         <run_address>0x7010</run_address>
         <size>0x20</size>
         <input_file_ref idref="fl-5"/>
      </object_component>
      <object_component id="oc-6a">
         <name>SpiaRegsFile</name>
         <uninitialized>true</uninitialized>
         <run_address>0x7040</run_address>
         <size>0x10</size>
         <input_file_ref idref="fl-5"/>
      </object_component>
      <object_component id="oc-67">
         <name>SciaRegsFile</name>
         <uninitialized>true</uninitialized>
         <run_address>0x7050</run_address>
         <size>0x10</size>
         <input_file_ref idref="fl-5"/>
      </object_component>
      <object_component id="oc-6b">
         <name>XIntruptRegsFile</name>
         <uninitialized>true</uninitialized>
         <run_address>0x7070</run_address>
         <size>0x10</size>
         <input_file_ref idref="fl-5"/>
      </object_component>
      <object_component id="oc-6d">
         <name>AdcRegsFile</name>
         <uninitialized>true</uninitialized>
         <run_address>0x7100</run_address>
         <size>0x1e</size>
         <input_file_ref idref="fl-5"/>
      </object_component>
      <object_component id="oc-68">
         <name>ScibRegsFile</name>
         <uninitialized>true</uninitialized>
         <run_address>0x7750</run_address>
         <size>0x10</size>
         <input_file_ref idref="fl-5"/>
      </object_component>
      <object_component id="oc-69">
         <name>ScicRegsFile</name>
         <uninitialized>true</uninitialized>
         <run_address>0x7770</run_address>
         <size>0x10</size>
         <input_file_ref idref="fl-5"/>
      </object_component>
      <object_component id="oc-7f">
         <name>I2caRegsFile</name>
         <uninitialized>true</uninitialized>
         <run_address>0x7900</run_address>
         <size>0x22</size>
         <input_file_ref idref="fl-5"/>
      </object_component>
      <object_component id="oc-62">
         <name>CsmPwlFile</name>
         <uninitialized>true</uninitialized>
         <run_address>0x33fff8</run_address>
         <size>0x8</size>
         <input_file_ref idref="fl-5"/>
      </object_component>
      <object_component id="oc-5e">
         <name>PartIdRegsFile</name>
         <uninitialized>true</uninitialized>
         <run_address>0x380090</run_address>
         <size>0x1</size>
         <input_file_ref idref="fl-5"/>
      </object_component>
      <object_component id="oc-4d">
         <name>DLOG</name>
         <uninitialized>true</uninitialized>
         <run_address>0xc1b0</run_address>
         <size>0x320</size>
         <input_file_ref idref="fl-2"/>
      </object_component>
      <object_component id="oc-4e">
         <name>.debug_line</name>
         <load_address>0x0</load_address>
         <run_address>0x0</run_address>
         <size>0x7f</size>
         <input_file_ref idref="fl-2"/>
      </object_component>
      <object_component id="oc-53">
         <name>.debug_line</name>
         <load_address>0x7f</load_address>
         <run_address>0x7f</run_address>
         <size>0x49</size>
         <input_file_ref idref="fl-3"/>
      </object_component>
      <object_component id="oc-59">
         <name>.debug_line</name>
         <load_address>0xc8</load_address>
         <run_address>0xc8</run_address>
         <size>0xa3</size>
         <input_file_ref idref="fl-4"/>
      </object_component>
      <object_component id="oc-95">
         <name>.debug_line</name>
         <load_address>0x16b</load_address>
         <run_address>0x16b</run_address>
         <size>0x8a</size>
         <input_file_ref idref="fl-6"/>
      </object_component>
      <object_component id="oc-9c">
         <name>.debug_line</name>
         <load_address>0x1f5</load_address>
         <run_address>0x1f5</run_address>
         <size>0x1ca</size>
         <input_file_ref idref="fl-7"/>
      </object_component>
      <object_component id="oc-a5">
         <name>.debug_line</name>
         <load_address>0x3bf</load_address>
         <run_address>0x3bf</run_address>
         <size>0x2b5</size>
         <input_file_ref idref="fl-8"/>
      </object_component>
      <object_component id="oc-a9">
         <name>.debug_line</name>
         <load_address>0x674</load_address>
         <run_address>0x674</run_address>
         <size>0x63</size>
         <input_file_ref idref="fl-16"/>
      </object_component>
      <object_component id="oc-ad">
         <name>.debug_line</name>
         <load_address>0x6d7</load_address>
         <run_address>0x6d7</run_address>
         <size>0x65</size>
         <input_file_ref idref="fl-17"/>
      </object_component>
      <object_component id="oc-b4">
         <name>.debug_line</name>
         <load_address>0x73c</load_address>
         <run_address>0x73c</run_address>
         <size>0x7e</size>
         <input_file_ref idref="fl-24"/>
      </object_component>
      <object_component id="oc-b9">
         <name>.debug_line</name>
         <load_address>0x7ba</load_address>
         <run_address>0x7ba</run_address>
         <size>0xa2</size>
         <input_file_ref idref="fl-25"/>
      </object_component>
      <object_component id="oc-be">
         <name>.debug_line</name>
         <load_address>0x85c</load_address>
         <run_address>0x85c</run_address>
         <size>0x58</size>
         <input_file_ref idref="fl-26"/>
      </object_component>
      <object_component id="oc-c3">
         <name>.debug_line</name>
         <load_address>0x8b4</load_address>
         <run_address>0x8b4</run_address>
         <size>0xad</size>
         <input_file_ref idref="fl-27"/>
      </object_component>
      <object_component id="oc-c8">
         <name>.debug_line</name>
         <load_address>0x961</load_address>
         <run_address>0x961</run_address>
         <size>0x58</size>
         <input_file_ref idref="fl-28"/>
      </object_component>
      <object_component id="oc-cd">
         <name>.debug_line</name>
         <load_address>0x9b9</load_address>
         <run_address>0x9b9</run_address>
         <size>0x50</size>
         <input_file_ref idref="fl-29"/>
      </object_component>
      <object_component id="oc-d2">
         <name>.debug_line</name>
         <load_address>0xa09</load_address>
         <run_address>0xa09</run_address>
         <size>0x62</size>
         <input_file_ref idref="fl-2a"/>
      </object_component>
      <object_component id="oc-d7">
         <name>.debug_line</name>
         <load_address>0xa6b</load_address>
         <run_address>0xa6b</run_address>
         <size>0x3e</size>
         <input_file_ref idref="fl-2b"/>
      </object_component>
      <object_component id="oc-dc">
         <name>.debug_line</name>
         <load_address>0xaa9</load_address>
         <run_address>0xaa9</run_address>
         <size>0x3a</size>
         <input_file_ref idref="fl-2c"/>
      </object_component>
      <object_component id="oc-e3">
         <name>.debug_line</name>
         <load_address>0xae3</load_address>
         <run_address>0xae3</run_address>
         <size>0x65</size>
         <input_file_ref idref="fl-2d"/>
      </object_component>
      <object_component id="oc-e8">
         <name>.debug_line</name>
         <load_address>0xb48</load_address>
         <run_address>0xb48</run_address>
         <size>0x5e</size>
         <input_file_ref idref="fl-2e"/>
      </object_component>
      <object_component id="oc-ed">
         <name>.debug_line</name>
         <load_address>0xba6</load_address>
         <run_address>0xba6</run_address>
         <size>0x4f</size>
         <input_file_ref idref="fl-2f"/>
      </object_component>
      <object_component id="oc-4f">
         <name>.debug_info</name>
         <load_address>0x0</load_address>
         <run_address>0x0</run_address>
         <size>0x100</size>
         <input_file_ref idref="fl-2"/>
      </object_component>
      <object_component id="oc-54">
         <name>.debug_info</name>
         <load_address>0x100</load_address>
         <run_address>0x100</run_address>
         <size>0xf7</size>
         <input_file_ref idref="fl-3"/>
      </object_component>
      <object_component id="oc-5a">
         <name>.debug_info</name>
         <load_address>0x1f7</load_address>
         <run_address>0x1f7</run_address>
         <size>0x1f4</size>
         <input_file_ref idref="fl-4"/>
      </object_component>
      <object_component id="oc-5d">
         <name>.debug_info</name>
         <load_address>0x3eb</load_address>
         <run_address>0x3eb</run_address>
         <size>0x13447</size>
         <input_file_ref idref="fl-5"/>
      </object_component>
      <object_component id="oc-96">
         <name>.debug_info</name>
         <load_address>0x13832</load_address>
         <run_address>0x13832</run_address>
         <size>0x17b</size>
         <input_file_ref idref="fl-6"/>
      </object_component>
      <object_component id="oc-99">
         <name>.debug_info</name>
         <load_address>0x139ad</load_address>
         <run_address>0x139ad</run_address>
         <size>0x4828</size>
         <input_file_ref idref="fl-7"/>
      </object_component>
      <object_component id="oc-9f">
         <name>.debug_info</name>
         <load_address>0x181d5</load_address>
         <run_address>0x181d5</run_address>
         <size>0x84bf</size>
         <input_file_ref idref="fl-8"/>
      </object_component>
      <object_component id="oc-aa">
         <name>.debug_info</name>
         <load_address>0x20694</load_address>
         <run_address>0x20694</run_address>
         <size>0xe5</size>
         <input_file_ref idref="fl-16"/>
      </object_component>
      <object_component id="oc-ae">
         <name>.debug_info</name>
         <load_address>0x20779</load_address>
         <run_address>0x20779</run_address>
         <size>0xe5</size>
         <input_file_ref idref="fl-17"/>
      </object_component>
      <object_component id="oc-b3">
         <name>.debug_info</name>
         <load_address>0x2085e</load_address>
         <run_address>0x2085e</run_address>
         <size>0x173</size>
         <input_file_ref idref="fl-24"/>
      </object_component>
      <object_component id="oc-b8">
         <name>.debug_info</name>
         <load_address>0x209d1</load_address>
         <run_address>0x209d1</run_address>
         <size>0x114</size>
         <input_file_ref idref="fl-25"/>
      </object_component>
      <object_component id="oc-bd">
         <name>.debug_info</name>
         <load_address>0x20ae5</load_address>
         <run_address>0x20ae5</run_address>
         <size>0x114</size>
         <input_file_ref idref="fl-26"/>
      </object_component>
      <object_component id="oc-c2">
         <name>.debug_info</name>
         <load_address>0x20bf9</load_address>
         <run_address>0x20bf9</run_address>
         <size>0x114</size>
         <input_file_ref idref="fl-27"/>
      </object_component>
      <object_component id="oc-c7">
         <name>.debug_info</name>
         <load_address>0x20d0d</load_address>
         <run_address>0x20d0d</run_address>
         <size>0x11a</size>
         <input_file_ref idref="fl-28"/>
      </object_component>
      <object_component id="oc-cb">
         <name>.debug_info</name>
         <load_address>0x20e27</load_address>
         <run_address>0x20e27</run_address>
         <size>0x561</size>
         <input_file_ref idref="fl-29"/>
      </object_component>
      <object_component id="oc-d0">
         <name>.debug_info</name>
         <load_address>0x21388</load_address>
         <run_address>0x21388</run_address>
         <size>0x43a</size>
         <input_file_ref idref="fl-2a"/>
      </object_component>
      <object_component id="oc-d5">
         <name>.debug_info</name>
         <load_address>0x217c2</load_address>
         <run_address>0x217c2</run_address>
         <size>0x3ad</size>
         <input_file_ref idref="fl-2b"/>
      </object_component>
      <object_component id="oc-da">
         <name>.debug_info</name>
         <load_address>0x21b6f</load_address>
         <run_address>0x21b6f</run_address>
         <size>0x3aa</size>
         <input_file_ref idref="fl-2c"/>
      </object_component>
      <object_component id="oc-df">
         <name>.debug_info</name>
         <load_address>0x21f19</load_address>
         <run_address>0x21f19</run_address>
         <size>0x544</size>
         <input_file_ref idref="fl-2d"/>
      </object_component>
      <object_component id="oc-e6">
         <name>.debug_info</name>
         <load_address>0x2245d</load_address>
         <run_address>0x2245d</run_address>
         <size>0x4cc</size>
         <input_file_ref idref="fl-2e"/>
      </object_component>
      <object_component id="oc-eb">
         <name>.debug_info</name>
         <load_address>0x22929</load_address>
         <run_address>0x22929</run_address>
         <size>0x467</size>
         <input_file_ref idref="fl-2f"/>
      </object_component>
      <object_component id="oc-160">
         <name>.debug_info</name>
         <load_address>0x22d90</load_address>
         <run_address>0x22d90</run_address>
         <size>0xb0</size>
      </object_component>
      <object_component id="oc-50">
         <name>.debug_abbrev</name>
         <load_address>0x0</load_address>
         <run_address>0x0</run_address>
         <size>0x2f</size>
         <input_file_ref idref="fl-2"/>
      </object_component>
      <object_component id="oc-55">
         <name>.debug_abbrev</name>
         <load_address>0x2f</load_address>
         <run_address>0x2f</run_address>
         <size>0x2f</size>
         <input_file_ref idref="fl-3"/>
      </object_component>
      <object_component id="oc-5b">
         <name>.debug_abbrev</name>
         <load_address>0x5e</load_address>
         <run_address>0x5e</run_address>
         <size>0x21</size>
         <input_file_ref idref="fl-4"/>
      </object_component>
      <object_component id="oc-93">
         <name>.debug_abbrev</name>
         <load_address>0x7f</load_address>
         <run_address>0x7f</run_address>
         <size>0xb7</size>
         <input_file_ref idref="fl-5"/>
      </object_component>
      <object_component id="oc-97">
         <name>.debug_abbrev</name>
         <load_address>0x136</load_address>
         <run_address>0x136</run_address>
         <size>0x2f</size>
         <input_file_ref idref="fl-6"/>
      </object_component>
      <object_component id="oc-9d">
         <name>.debug_abbrev</name>
         <load_address>0x165</load_address>
         <run_address>0x165</run_address>
         <size>0x170</size>
         <input_file_ref idref="fl-7"/>
      </object_component>
      <object_component id="oc-a6">
         <name>.debug_abbrev</name>
         <load_address>0x2d5</load_address>
         <run_address>0x2d5</run_address>
         <size>0x1be</size>
         <input_file_ref idref="fl-8"/>
      </object_component>
      <object_component id="oc-ab">
         <name>.debug_abbrev</name>
         <load_address>0x493</load_address>
         <run_address>0x493</run_address>
         <size>0x2d</size>
         <input_file_ref idref="fl-16"/>
      </object_component>
      <object_component id="oc-af">
         <name>.debug_abbrev</name>
         <load_address>0x4c0</load_address>
         <run_address>0x4c0</run_address>
         <size>0x2d</size>
         <input_file_ref idref="fl-17"/>
      </object_component>
      <object_component id="oc-b5">
         <name>.debug_abbrev</name>
         <load_address>0x4ed</load_address>
         <run_address>0x4ed</run_address>
         <size>0x46</size>
         <input_file_ref idref="fl-24"/>
      </object_component>
      <object_component id="oc-ba">
         <name>.debug_abbrev</name>
         <load_address>0x533</load_address>
         <run_address>0x533</run_address>
         <size>0x38</size>
         <input_file_ref idref="fl-25"/>
      </object_component>
      <object_component id="oc-bf">
         <name>.debug_abbrev</name>
         <load_address>0x56b</load_address>
         <run_address>0x56b</run_address>
         <size>0x38</size>
         <input_file_ref idref="fl-26"/>
      </object_component>
      <object_component id="oc-c4">
         <name>.debug_abbrev</name>
         <load_address>0x5a3</load_address>
         <run_address>0x5a3</run_address>
         <size>0x38</size>
         <input_file_ref idref="fl-27"/>
      </object_component>
      <object_component id="oc-c9">
         <name>.debug_abbrev</name>
         <load_address>0x5db</load_address>
         <run_address>0x5db</run_address>
         <size>0x38</size>
         <input_file_ref idref="fl-28"/>
      </object_component>
      <object_component id="oc-ce">
         <name>.debug_abbrev</name>
         <load_address>0x613</load_address>
         <run_address>0x613</run_address>
         <size>0xe3</size>
         <input_file_ref idref="fl-29"/>
      </object_component>
      <object_component id="oc-d3">
         <name>.debug_abbrev</name>
         <load_address>0x6f6</load_address>
         <run_address>0x6f6</run_address>
         <size>0xa8</size>
         <input_file_ref idref="fl-2a"/>
      </object_component>
      <object_component id="oc-d8">
         <name>.debug_abbrev</name>
         <load_address>0x79e</load_address>
         <run_address>0x79e</run_address>
         <size>0x68</size>
         <input_file_ref idref="fl-2b"/>
      </object_component>
      <object_component id="oc-dd">
         <name>.debug_abbrev</name>
         <load_address>0x806</load_address>
         <run_address>0x806</run_address>
         <size>0x66</size>
         <input_file_ref idref="fl-2c"/>
      </object_component>
      <object_component id="oc-e4">
         <name>.debug_abbrev</name>
         <load_address>0x86c</load_address>
         <run_address>0x86c</run_address>
         <size>0x130</size>
         <input_file_ref idref="fl-2d"/>
      </object_component>
      <object_component id="oc-e9">
         <name>.debug_abbrev</name>
         <load_address>0x99c</load_address>
         <run_address>0x99c</run_address>
         <size>0xb2</size>
         <input_file_ref idref="fl-2e"/>
      </object_component>
      <object_component id="oc-ee">
         <name>.debug_abbrev</name>
         <load_address>0xa4e</load_address>
         <run_address>0xa4e</run_address>
         <size>0xee</size>
         <input_file_ref idref="fl-2f"/>
      </object_component>
      <object_component id="oc-161">
         <name>.debug_abbrev</name>
         <load_address>0xb3c</load_address>
         <run_address>0xb3c</run_address>
         <size>0xf</size>
      </object_component>
      <object_component id="oc-51">
         <name>.debug_aranges</name>
         <load_address>0x0</load_address>
         <run_address>0x0</run_address>
         <size>0x20</size>
         <input_file_ref idref="fl-2"/>
      </object_component>
      <object_component id="oc-56">
         <name>.debug_aranges</name>
         <load_address>0x20</load_address>
         <run_address>0x20</run_address>
         <size>0x20</size>
         <input_file_ref idref="fl-3"/>
      </object_component>
      <object_component id="oc-5c">
         <name>.debug_aranges</name>
         <load_address>0x40</load_address>
         <run_address>0x40</run_address>
         <size>0x28</size>
         <input_file_ref idref="fl-4"/>
      </object_component>
      <object_component id="oc-98">
         <name>.debug_aranges</name>
         <load_address>0x68</load_address>
         <run_address>0x68</run_address>
         <size>0x20</size>
         <input_file_ref idref="fl-6"/>
      </object_component>
      <object_component id="oc-9e">
         <name>.debug_aranges</name>
         <load_address>0x88</load_address>
         <run_address>0x88</run_address>
         <size>0x50</size>
         <input_file_ref idref="fl-7"/>
      </object_component>
      <object_component id="oc-a7">
         <name>.debug_aranges</name>
         <load_address>0xd8</load_address>
         <run_address>0xd8</run_address>
         <size>0x98</size>
         <input_file_ref idref="fl-8"/>
      </object_component>
      <object_component id="oc-b6">
         <name>.debug_aranges</name>
         <load_address>0x170</load_address>
         <run_address>0x170</run_address>
         <size>0x20</size>
         <input_file_ref idref="fl-24"/>
      </object_component>
      <object_component id="oc-bb">
         <name>.debug_aranges</name>
         <load_address>0x190</load_address>
         <run_address>0x190</run_address>
         <size>0x20</size>
         <input_file_ref idref="fl-25"/>
      </object_component>
      <object_component id="oc-c0">
         <name>.debug_aranges</name>
         <load_address>0x1b0</load_address>
         <run_address>0x1b0</run_address>
         <size>0x20</size>
         <input_file_ref idref="fl-26"/>
      </object_component>
      <object_component id="oc-c5">
         <name>.debug_aranges</name>
         <load_address>0x1d0</load_address>
         <run_address>0x1d0</run_address>
         <size>0x20</size>
         <input_file_ref idref="fl-27"/>
      </object_component>
      <object_component id="oc-ca">
         <name>.debug_aranges</name>
         <load_address>0x1f0</load_address>
         <run_address>0x1f0</run_address>
         <size>0x20</size>
         <input_file_ref idref="fl-28"/>
      </object_component>
      <object_component id="oc-cf">
         <name>.debug_aranges</name>
         <load_address>0x210</load_address>
         <run_address>0x210</run_address>
         <size>0x20</size>
         <input_file_ref idref="fl-29"/>
      </object_component>
      <object_component id="oc-d4">
         <name>.debug_aranges</name>
         <load_address>0x230</load_address>
         <run_address>0x230</run_address>
         <size>0x20</size>
         <input_file_ref idref="fl-2a"/>
      </object_component>
      <object_component id="oc-d9">
         <name>.debug_aranges</name>
         <load_address>0x250</load_address>
         <run_address>0x250</run_address>
         <size>0x20</size>
         <input_file_ref idref="fl-2b"/>
      </object_component>
      <object_component id="oc-de">
         <name>.debug_aranges</name>
         <load_address>0x270</load_address>
         <run_address>0x270</run_address>
         <size>0x20</size>
         <input_file_ref idref="fl-2c"/>
      </object_component>
      <object_component id="oc-e5">
         <name>.debug_aranges</name>
         <load_address>0x290</load_address>
         <run_address>0x290</run_address>
         <size>0x28</size>
         <input_file_ref idref="fl-2d"/>
      </object_component>
      <object_component id="oc-ea">
         <name>.debug_aranges</name>
         <load_address>0x2b8</load_address>
         <run_address>0x2b8</run_address>
         <size>0x30</size>
         <input_file_ref idref="fl-2e"/>
      </object_component>
      <object_component id="oc-ef">
         <name>.debug_aranges</name>
         <load_address>0x2e8</load_address>
         <run_address>0x2e8</run_address>
         <size>0x20</size>
         <input_file_ref idref="fl-2f"/>
      </object_component>
      <object_component id="oc-94">
         <name>ramfuncs</name>
         <load_address>0x50</load_address>
         <run_address>0x50</run_address>
         <size>0x4</size>
         <input_file_ref idref="fl-6"/>
      </object_component>
      <object_component id="oc-9b">
         <name>.debug_frame</name>
         <load_address>0x0</load_address>
         <run_address>0x0</run_address>
         <size>0xe4</size>
         <input_file_ref idref="fl-7"/>
      </object_component>
      <object_component id="oc-a4">
         <name>.debug_frame</name>
         <load_address>0xe4</load_address>
         <run_address>0xe4</run_address>
         <size>0x258</size>
         <input_file_ref idref="fl-8"/>
      </object_component>
      <object_component id="oc-cc">
         <name>.debug_frame</name>
         <load_address>0x33c</load_address>
         <run_address>0x33c</run_address>
         <size>0x60</size>
         <input_file_ref idref="fl-29"/>
      </object_component>
      <object_component id="oc-d1">
         <name>.debug_frame</name>
         <load_address>0x39c</load_address>
         <run_address>0x39c</run_address>
         <size>0x40</size>
         <input_file_ref idref="fl-2a"/>
      </object_component>
      <object_component id="oc-d6">
         <name>.debug_frame</name>
         <load_address>0x3dc</load_address>
         <run_address>0x3dc</run_address>
         <size>0x40</size>
         <input_file_ref idref="fl-2b"/>
      </object_component>
      <object_component id="oc-db">
         <name>.debug_frame</name>
         <load_address>0x41c</load_address>
         <run_address>0x41c</run_address>
         <size>0x40</size>
         <input_file_ref idref="fl-2c"/>
      </object_component>
      <object_component id="oc-e2">
         <name>.debug_frame</name>
         <load_address>0x45c</load_address>
         <run_address>0x45c</run_address>
         <size>0x60</size>
         <input_file_ref idref="fl-2d"/>
      </object_component>
      <object_component id="oc-e7">
         <name>.debug_frame</name>
         <load_address>0x4bc</load_address>
         <run_address>0x4bc</run_address>
         <size>0x70</size>
         <input_file_ref idref="fl-2e"/>
      </object_component>
      <object_component id="oc-ec">
         <name>.debug_frame</name>
         <load_address>0x52c</load_address>
         <run_address>0x52c</run_address>
         <size>0x40</size>
         <input_file_ref idref="fl-2f"/>
      </object_component>
   </object_component_list>
   <logical_group_list>
      <logical_group id="lg-2" display="no" color="cyan">
         <name>codestart</name>
         <load_address>0x0</load_address>
         <run_address>0x0</run_address>
         <size>0x2</size>
         <contents>
            <object_component_ref idref="oc-58"/>
         </contents>
      </logical_group>
      <logical_group id="lg-3" display="no" color="cyan">
         <name>.TI.ramfunc</name>
         <run_address>0x0</run_address>
         <size>0x0</size>
         <contents>
         </contents>
      </logical_group>
      <logical_group id="lg-4" display="no" color="cyan">
         <name>.text</name>
         <load_address>0x9000</load_address>
         <run_address>0x9000</run_address>
         <size>0xb2b</size>
         <contents>
            <object_component_ref idref="oc-f9"/>
            <object_component_ref idref="oc-a2"/>
            <object_component_ref idref="oc-fc"/>
            <object_component_ref idref="oc-c1"/>
            <object_component_ref idref="oc-b7"/>
            <object_component_ref idref="oc-4b"/>
            <object_component_ref idref="oc-4c"/>
            <object_component_ref idref="oc-f4"/>
            <object_component_ref idref="oc-f1"/>
            <object_component_ref idref="oc-bc"/>
            <object_component_ref idref="oc-f8"/>
            <object_component_ref idref="oc-c6"/>
            <object_component_ref idref="oc-f3"/>
            <object_component_ref idref="oc-9a"/>
            <object_component_ref idref="oc-104"/>
            <object_component_ref idref="oc-57"/>
            <object_component_ref idref="oc-f0"/>
            <object_component_ref idref="oc-f2"/>
         </contents>
      </logical_group>
      <logical_group id="lg-5" display="no" color="cyan">
         <name>.cinit</name>
         <load_address>0x8000</load_address>
         <run_address>0x8000</run_address>
         <size>0x1e4</size>
         <contents>
            <object_component_ref idref="oc-a0"/>
            <object_component_ref idref="oc-100"/>
            <object_component_ref idref="oc-fe"/>
            <object_component_ref idref="oc-70"/>
            <object_component_ref idref="oc-79"/>
            <object_component_ref idref="oc-e0"/>
            <object_component_ref idref="oc-8c"/>
            <object_component_ref idref="oc-fb"/>
            <object_component_ref idref="oc-105"/>
         </contents>
      </logical_group>
      <logical_group id="lg-6" display="no" color="cyan">
         <name>.pinit</name>
         <run_address>0x0</run_address>
         <size>0x0</size>
         <contents>
         </contents>
      </logical_group>
      <logical_group id="lg-7" display="no" color="cyan">
         <name>.switch</name>
         <run_address>0x0</run_address>
         <size>0x0</size>
         <contents>
         </contents>
      </logical_group>
      <logical_group id="lg-8" display="no" color="cyan">
         <name>.stack</name>
         <run_address>0x400</run_address>
         <size>0x300</size>
         <contents>
            <object_component_ref idref="oc-b1"/>
            <object_component_ref idref="oc-15f"/>
         </contents>
      </logical_group>
      <logical_group id="lg-9" display="no" color="cyan">
         <name>.ebss</name>
         <run_address>0xc000</run_address>
         <size>0x1b0</size>
         <contents>
            <object_component_ref idref="oc-a1"/>
            <object_component_ref idref="oc-101"/>
            <object_component_ref idref="oc-102"/>
            <object_component_ref idref="oc-103"/>
            <object_component_ref idref="oc-f7"/>
            <object_component_ref idref="oc-f6"/>
            <object_component_ref idref="oc-f5"/>
            <object_component_ref idref="oc-fd"/>
            <object_component_ref idref="oc-ff"/>
            <object_component_ref idref="oc-e1"/>
            <object_component_ref idref="oc-fa"/>
            <object_component_ref idref="oc-106"/>
         </contents>
      </logical_group>
      <logical_group id="lg-a" display="no" color="cyan">
         <name>.econst</name>
         <load_address>0xd000</load_address>
         <run_address>0xd000</run_address>
         <size>0xc</size>
         <contents>
            <object_component_ref idref="oc-a3"/>
         </contents>
      </logical_group>
      <logical_group id="lg-b" display="no" color="cyan">
         <name>.esysmem</name>
         <run_address>0x0</run_address>
         <size>0x0</size>
         <contents>
         </contents>
      </logical_group>
      <logical_group id="lg-c" display="no" color="cyan">
         <name>IQmath</name>
         <load_address>0x9b2b</load_address>
         <run_address>0x9b2b</run_address>
         <size>0x50</size>
         <contents>
            <object_component_ref idref="oc-ac"/>
            <object_component_ref idref="oc-a8"/>
         </contents>
      </logical_group>
      <logical_group id="lg-d" display="no" color="cyan">
         <name>IQmathTables</name>
         <load_address>0x3fe000</load_address>
         <run_address>0x3fe000</run_address>
         <size>0xb50</size>
         <contents>
            <object_component_ref idref="oc-b0"/>
         </contents>
      </logical_group>
      <logical_group id="lg-e" display="no" color="cyan">
         <name>FPUmathTables</name>
         <run_address>0x0</run_address>
         <size>0x0</size>
         <contents>
         </contents>
      </logical_group>
      <logical_group id="lg-f" display="no" color="cyan">
         <name>DMARAML4</name>
         <run_address>0x0</run_address>
         <size>0x0</size>
         <contents>
         </contents>
      </logical_group>
      <logical_group id="lg-10" display="no" color="cyan">
         <name>DMARAML5</name>
         <run_address>0x0</run_address>
         <size>0x0</size>
         <contents>
         </contents>
      </logical_group>
      <logical_group id="lg-11" display="no" color="cyan">
         <name>DMARAML6</name>
         <run_address>0x0</run_address>
         <size>0x0</size>
         <contents>
         </contents>
      </logical_group>
      <logical_group id="lg-12" display="no" color="cyan">
         <name>DMARAML7</name>
         <run_address>0x0</run_address>
         <size>0x0</size>
         <contents>
         </contents>
      </logical_group>
      <logical_group id="lg-13" display="no" color="cyan">
         <name>ZONE7DATA</name>
         <run_address>0x0</run_address>
         <size>0x0</size>
         <contents>
         </contents>
      </logical_group>
      <logical_group id="lg-14" display="no" color="cyan">
         <name>.reset</name>
         <load_address>0x3fffc0</load_address>
         <run_address>0x3fffc0</run_address>
         <size>0x2</size>
         <contents>
            <object_component_ref idref="oc-b2"/>
         </contents>
      </logical_group>
      <logical_group id="lg-15" display="no" color="cyan">
         <name>csm_rsvd</name>
         <run_address>0x33ff80</run_address>
         <size>0x0</size>
         <contents>
         </contents>
      </logical_group>
      <logical_group id="lg-16" display="no" color="cyan">
         <name>csmpasswds</name>
         <run_address>0x33fff8</run_address>
         <size>0x0</size>
         <contents>
         </contents>
      </logical_group>
      <logical_group id="lg-17" display="no" color="cyan">
         <name>.adc_cal</name>
         <load_address>0x380080</load_address>
         <run_address>0x380080</run_address>
         <size>0x7</size>
         <contents>
            <object_component_ref idref="oc-52"/>
         </contents>
      </logical_group>
      <logical_group id="lg-18" display="no" color="cyan">
         <name>PieVectTableFile</name>
         <run_address>0xd00</run_address>
         <size>0x100</size>
         <contents>
            <object_component_ref idref="oc-92"/>
         </contents>
      </logical_group>
      <logical_group id="lg-19" display="no" color="cyan">
         <name>DevEmuRegsFile</name>
         <run_address>0x880</run_address>
         <size>0xd0</size>
         <contents>
            <object_component_ref idref="oc-8e"/>
         </contents>
      </logical_group>
      <logical_group id="lg-1a" display="no" color="cyan">
         <name>FlashRegsFile</name>
         <run_address>0xa80</run_address>
         <size>0x8</size>
         <contents>
            <object_component_ref idref="oc-63"/>
         </contents>
      </logical_group>
      <logical_group id="lg-1b" display="no" color="cyan">
         <name>CsmRegsFile</name>
         <run_address>0xae0</run_address>
         <size>0x10</size>
         <contents>
            <object_component_ref idref="oc-66"/>
         </contents>
      </logical_group>
      <logical_group id="lg-1c" display="no" color="cyan">
         <name>AdcMirrorFile</name>
         <run_address>0xb00</run_address>
         <size>0x10</size>
         <contents>
            <object_component_ref idref="oc-65"/>
         </contents>
      </logical_group>
      <logical_group id="lg-1d" display="no" color="cyan">
         <name>XintfRegsFile</name>
         <run_address>0xb20</run_address>
         <size>0x1e</size>
         <contents>
            <object_component_ref idref="oc-6e"/>
         </contents>
      </logical_group>
      <logical_group id="lg-1e" display="no" color="cyan">
         <name>CpuTimer0RegsFile</name>
         <run_address>0xc00</run_address>
         <size>0x8</size>
         <contents>
            <object_component_ref idref="oc-5f"/>
         </contents>
      </logical_group>
      <logical_group id="lg-1f" display="no" color="cyan">
         <name>CpuTimer1RegsFile</name>
         <run_address>0xc08</run_address>
         <size>0x8</size>
         <contents>
            <object_component_ref idref="oc-60"/>
         </contents>
      </logical_group>
      <logical_group id="lg-20" display="no" color="cyan">
         <name>CpuTimer2RegsFile</name>
         <run_address>0xc10</run_address>
         <size>0x8</size>
         <contents>
            <object_component_ref idref="oc-61"/>
         </contents>
      </logical_group>
      <logical_group id="lg-21" display="no" color="cyan">
         <name>PieCtrlRegsFile</name>
         <run_address>0xce0</run_address>
         <size>0x1a</size>
         <contents>
            <object_component_ref idref="oc-6c"/>
         </contents>
      </logical_group>
      <logical_group id="lg-22" display="no" color="cyan">
         <name>DmaRegsFile</name>
         <run_address>0x1000</run_address>
         <size>0xe0</size>
         <contents>
            <object_component_ref idref="oc-8f"/>
         </contents>
      </logical_group>
      <logical_group id="lg-23" display="no" color="cyan">
         <name>McbspaRegsFile</name>
         <run_address>0x5000</run_address>
         <size>0x25</size>
         <contents>
            <object_component_ref idref="oc-80"/>
         </contents>
      </logical_group>
      <logical_group id="lg-24" display="no" color="cyan">
         <name>McbspbRegsFile</name>
         <run_address>0x5040</run_address>
         <size>0x25</size>
         <contents>
            <object_component_ref idref="oc-81"/>
         </contents>
      </logical_group>
      <logical_group id="lg-25" display="no" color="cyan">
         <name>ECanaRegsFile</name>
         <run_address>0x6000</run_address>
         <size>0x34</size>
         <contents>
            <object_component_ref idref="oc-83"/>
         </contents>
      </logical_group>
      <logical_group id="lg-26" display="no" color="cyan">
         <name>ECanaLAMRegsFile</name>
         <run_address>0x6040</run_address>
         <size>0x40</size>
         <contents>
            <object_component_ref idref="oc-85"/>
         </contents>
      </logical_group>
      <logical_group id="lg-27" display="no" color="cyan">
         <name>ECanaMboxesFile</name>
         <run_address>0x6100</run_address>
         <size>0x100</size>
         <contents>
            <object_component_ref idref="oc-90"/>
         </contents>
      </logical_group>
      <logical_group id="lg-28" display="no" color="cyan">
         <name>ECanaMOTSRegsFile</name>
         <run_address>0x6080</run_address>
         <size>0x40</size>
         <contents>
            <object_component_ref idref="oc-86"/>
         </contents>
      </logical_group>
      <logical_group id="lg-29" display="no" color="cyan">
         <name>ECanaMOTORegsFile</name>
         <run_address>0x60c0</run_address>
         <size>0x40</size>
         <contents>
            <object_component_ref idref="oc-87"/>
         </contents>
      </logical_group>
      <logical_group id="lg-2a" display="no" color="cyan">
         <name>ECanbRegsFile</name>
         <run_address>0x6200</run_address>
         <size>0x34</size>
         <contents>
            <object_component_ref idref="oc-84"/>
         </contents>
      </logical_group>
      <logical_group id="lg-2b" display="no" color="cyan">
         <name>ECanbLAMRegsFile</name>
         <run_address>0x6240</run_address>
         <size>0x40</size>
         <contents>
            <object_component_ref idref="oc-88"/>
         </contents>
      </logical_group>
      <logical_group id="lg-2c" display="no" color="cyan">
         <name>ECanbMboxesFile</name>
         <run_address>0x6300</run_address>
         <size>0x100</size>
         <contents>
            <object_component_ref idref="oc-91"/>
         </contents>
      </logical_group>
      <logical_group id="lg-2d" display="no" color="cyan">
         <name>ECanbMOTSRegsFile</name>
         <run_address>0x6280</run_address>
         <size>0x40</size>
         <contents>
            <object_component_ref idref="oc-89"/>
         </contents>
      </logical_group>
      <logical_group id="lg-2e" display="no" color="cyan">
         <name>ECanbMOTORegsFile</name>
         <run_address>0x62c0</run_address>
         <size>0x40</size>
         <contents>
            <object_component_ref idref="oc-8a"/>
         </contents>
      </logical_group>
      <logical_group id="lg-2f" display="no" color="cyan">
         <name>EPwm1RegsFile</name>
         <run_address>0x6800</run_address>
         <size>0x22</size>
         <contents>
            <object_component_ref idref="oc-78"/>
         </contents>
      </logical_group>
      <logical_group id="lg-30" display="no" color="cyan">
         <name>EPwm2RegsFile</name>
         <run_address>0x6840</run_address>
         <size>0x22</size>
         <contents>
            <object_component_ref idref="oc-7a"/>
         </contents>
      </logical_group>
      <logical_group id="lg-31" display="no" color="cyan">
         <name>EPwm3RegsFile</name>
         <run_address>0x6880</run_address>
         <size>0x22</size>
         <contents>
            <object_component_ref idref="oc-7b"/>
         </contents>
      </logical_group>
      <logical_group id="lg-32" display="no" color="cyan">
         <name>EPwm4RegsFile</name>
         <run_address>0x68c0</run_address>
         <size>0x22</size>
         <contents>
            <object_component_ref idref="oc-7c"/>
         </contents>
      </logical_group>
      <logical_group id="lg-33" display="no" color="cyan">
         <name>EPwm5RegsFile</name>
         <run_address>0x6900</run_address>
         <size>0x22</size>
         <contents>
            <object_component_ref idref="oc-7d"/>
         </contents>
      </logical_group>
      <logical_group id="lg-34" display="no" color="cyan">
         <name>EPwm6RegsFile</name>
         <run_address>0x6940</run_address>
         <size>0x22</size>
         <contents>
            <object_component_ref idref="oc-7e"/>
         </contents>
      </logical_group>
      <logical_group id="lg-35" display="no" color="cyan">
         <name>ECap1RegsFile</name>
         <run_address>0x6a00</run_address>
         <size>0x20</size>
         <contents>
            <object_component_ref idref="oc-6f"/>
         </contents>
      </logical_group>
      <logical_group id="lg-36" display="no" color="cyan">
         <name>ECap2RegsFile</name>
         <run_address>0x6a20</run_address>
         <size>0x20</size>
         <contents>
            <object_component_ref idref="oc-71"/>
         </contents>
      </logical_group>
      <logical_group id="lg-37" display="no" color="cyan">
         <name>ECap3RegsFile</name>
         <run_address>0x6a40</run_address>
         <size>0x20</size>
         <contents>
            <object_component_ref idref="oc-72"/>
         </contents>
      </logical_group>
      <logical_group id="lg-38" display="no" color="cyan">
         <name>ECap4RegsFile</name>
         <run_address>0x6a60</run_address>
         <size>0x20</size>
         <contents>
            <object_component_ref idref="oc-73"/>
         </contents>
      </logical_group>
      <logical_group id="lg-39" display="no" color="cyan">
         <name>ECap5RegsFile</name>
         <run_address>0x6a80</run_address>
         <size>0x20</size>
         <contents>
            <object_component_ref idref="oc-74"/>
         </contents>
      </logical_group>
      <logical_group id="lg-3a" display="no" color="cyan">
         <name>ECap6RegsFile</name>
         <run_address>0x6aa0</run_address>
         <size>0x20</size>
         <contents>
            <object_component_ref idref="oc-75"/>
         </contents>
      </logical_group>
      <logical_group id="lg-3b" display="no" color="cyan">
         <name>EQep1RegsFile</name>
         <run_address>0x6b00</run_address>
         <size>0x40</size>
         <contents>
            <object_component_ref idref="oc-8b"/>
         </contents>
      </logical_group>
      <logical_group id="lg-3c" display="no" color="cyan">
         <name>EQep2RegsFile</name>
         <run_address>0x6b40</run_address>
         <size>0x40</size>
         <contents>
            <object_component_ref idref="oc-8d"/>
         </contents>
      </logical_group>
      <logical_group id="lg-3d" display="no" color="cyan">
         <name>GpioCtrlRegsFile</name>
         <run_address>0x6f80</run_address>
         <size>0x2e</size>
         <contents>
            <object_component_ref idref="oc-82"/>
         </contents>
      </logical_group>
      <logical_group id="lg-3e" display="no" color="cyan">
         <name>GpioDataRegsFile</name>
         <run_address>0x6fc0</run_address>
         <size>0x20</size>
         <contents>
            <object_component_ref idref="oc-76"/>
         </contents>
      </logical_group>
      <logical_group id="lg-3f" display="no" color="cyan">
         <name>GpioIntRegsFile</name>
         <run_address>0x6fe0</run_address>
         <size>0xa</size>
         <contents>
            <object_component_ref idref="oc-64"/>
         </contents>
      </logical_group>
      <logical_group id="lg-40" display="no" color="cyan">
         <name>SysCtrlRegsFile</name>
         <run_address>0x7010</run_address>
         <size>0x20</size>
         <contents>
            <object_component_ref idref="oc-77"/>
         </contents>
      </logical_group>
      <logical_group id="lg-41" display="no" color="cyan">
         <name>SpiaRegsFile</name>
         <run_address>0x7040</run_address>
         <size>0x10</size>
         <contents>
            <object_component_ref idref="oc-6a"/>
         </contents>
      </logical_group>
      <logical_group id="lg-42" display="no" color="cyan">
         <name>SciaRegsFile</name>
         <run_address>0x7050</run_address>
         <size>0x10</size>
         <contents>
            <object_component_ref idref="oc-67"/>
         </contents>
      </logical_group>
      <logical_group id="lg-43" display="no" color="cyan">
         <name>XIntruptRegsFile</name>
         <run_address>0x7070</run_address>
         <size>0x10</size>
         <contents>
            <object_component_ref idref="oc-6b"/>
         </contents>
      </logical_group>
      <logical_group id="lg-44" display="no" color="cyan">
         <name>AdcRegsFile</name>
         <run_address>0x7100</run_address>
         <size>0x1e</size>
         <contents>
            <object_component_ref idref="oc-6d"/>
         </contents>
      </logical_group>
      <logical_group id="lg-45" display="no" color="cyan">
         <name>ScibRegsFile</name>
         <run_address>0x7750</run_address>
         <size>0x10</size>
         <contents>
            <object_component_ref idref="oc-68"/>
         </contents>
      </logical_group>
      <logical_group id="lg-46" display="no" color="cyan">
         <name>ScicRegsFile</name>
         <run_address>0x7770</run_address>
         <size>0x10</size>
         <contents>
            <object_component_ref idref="oc-69"/>
         </contents>
      </logical_group>
      <logical_group id="lg-47" display="no" color="cyan">
         <name>I2caRegsFile</name>
         <run_address>0x7900</run_address>
         <size>0x22</size>
         <contents>
            <object_component_ref idref="oc-7f"/>
         </contents>
      </logical_group>
      <logical_group id="lg-48" display="no" color="cyan">
         <name>CsmPwlFile</name>
         <run_address>0x33fff8</run_address>
         <size>0x8</size>
         <contents>
            <object_component_ref idref="oc-62"/>
         </contents>
      </logical_group>
      <logical_group id="lg-49" display="no" color="cyan">
         <name>PartIdRegsFile</name>
         <run_address>0x380090</run_address>
         <size>0x1</size>
         <contents>
            <object_component_ref idref="oc-5e"/>
         </contents>
      </logical_group>
      <logical_group id="lg-14f" display="no" color="cyan">
         <name>DLOG</name>
         <run_address>0xc1b0</run_address>
         <size>0x320</size>
         <contents>
            <object_component_ref idref="oc-4d"/>
         </contents>
      </logical_group>
      <logical_group id="lg-151" display="never" color="cyan">
         <name>.debug_line</name>
         <load_address>0x0</load_address>
         <run_address>0x0</run_address>
         <size>0xbf5</size>
         <contents>
            <object_component_ref idref="oc-4e"/>
            <object_component_ref idref="oc-53"/>
            <object_component_ref idref="oc-59"/>
            <object_component_ref idref="oc-95"/>
            <object_component_ref idref="oc-9c"/>
            <object_component_ref idref="oc-a5"/>
            <object_component_ref idref="oc-a9"/>
            <object_component_ref idref="oc-ad"/>
            <object_component_ref idref="oc-b4"/>
            <object_component_ref idref="oc-b9"/>
            <object_component_ref idref="oc-be"/>
            <object_component_ref idref="oc-c3"/>
            <object_component_ref idref="oc-c8"/>
            <object_component_ref idref="oc-cd"/>
            <object_component_ref idref="oc-d2"/>
            <object_component_ref idref="oc-d7"/>
            <object_component_ref idref="oc-dc"/>
            <object_component_ref idref="oc-e3"/>
            <object_component_ref idref="oc-e8"/>
            <object_component_ref idref="oc-ed"/>
         </contents>
      </logical_group>
      <logical_group id="lg-153" display="never" color="cyan">
         <name>.debug_info</name>
         <load_address>0x0</load_address>
         <run_address>0x0</run_address>
         <size>0x22e40</size>
         <contents>
            <object_component_ref idref="oc-4f"/>
            <object_component_ref idref="oc-54"/>
            <object_component_ref idref="oc-5a"/>
            <object_component_ref idref="oc-5d"/>
            <object_component_ref idref="oc-96"/>
            <object_component_ref idref="oc-99"/>
            <object_component_ref idref="oc-9f"/>
            <object_component_ref idref="oc-aa"/>
            <object_component_ref idref="oc-ae"/>
            <object_component_ref idref="oc-b3"/>
            <object_component_ref idref="oc-b8"/>
            <object_component_ref idref="oc-bd"/>
            <object_component_ref idref="oc-c2"/>
            <object_component_ref idref="oc-c7"/>
            <object_component_ref idref="oc-cb"/>
            <object_component_ref idref="oc-d0"/>
            <object_component_ref idref="oc-d5"/>
            <object_component_ref idref="oc-da"/>
            <object_component_ref idref="oc-df"/>
            <object_component_ref idref="oc-e6"/>
            <object_component_ref idref="oc-eb"/>
            <object_component_ref idref="oc-160"/>
         </contents>
      </logical_group>
      <logical_group id="lg-155" display="never" color="cyan">
         <name>.debug_abbrev</name>
         <load_address>0x0</load_address>
         <run_address>0x0</run_address>
         <size>0xb4b</size>
         <contents>
            <object_component_ref idref="oc-50"/>
            <object_component_ref idref="oc-55"/>
            <object_component_ref idref="oc-5b"/>
            <object_component_ref idref="oc-93"/>
            <object_component_ref idref="oc-97"/>
            <object_component_ref idref="oc-9d"/>
            <object_component_ref idref="oc-a6"/>
            <object_component_ref idref="oc-ab"/>
            <object_component_ref idref="oc-af"/>
            <object_component_ref idref="oc-b5"/>
            <object_component_ref idref="oc-ba"/>
            <object_component_ref idref="oc-bf"/>
            <object_component_ref idref="oc-c4"/>
            <object_component_ref idref="oc-c9"/>
            <object_component_ref idref="oc-ce"/>
            <object_component_ref idref="oc-d3"/>
            <object_component_ref idref="oc-d8"/>
            <object_component_ref idref="oc-dd"/>
            <object_component_ref idref="oc-e4"/>
            <object_component_ref idref="oc-e9"/>
            <object_component_ref idref="oc-ee"/>
            <object_component_ref idref="oc-161"/>
         </contents>
      </logical_group>
      <logical_group id="lg-157" display="never" color="cyan">
         <name>.debug_aranges</name>
         <load_address>0x0</load_address>
         <run_address>0x0</run_address>
         <size>0x308</size>
         <contents>
            <object_component_ref idref="oc-51"/>
            <object_component_ref idref="oc-56"/>
            <object_component_ref idref="oc-5c"/>
            <object_component_ref idref="oc-98"/>
            <object_component_ref idref="oc-9e"/>
            <object_component_ref idref="oc-a7"/>
[...]
      </symbol>
      <symbol id="sm-21c">
         <name>_offsetC</name>
         <value>0xc01a</value>
         <object_component_ref idref="oc-a1"/>
      </symbol>
      <symbol id="sm-21d">
         <name>_offsetB</name>
         <value>0xc018</value>
         <object_component_ref idref="oc-a1"/>
      </symbol>
      <symbol id="sm-21e">
         <name>_SpeedRef</name>
         <value>0xc028</value>
         <object_component_ref idref="oc-a1"/>
      </symbol>
      <symbol id="sm-21f">
         <name>_speed1</name>
         <value>0xc0c0</value>
         <object_component_ref idref="oc-a1"/>
      </symbol>
      <symbol id="sm-220">
         <name>_IsrTicker</name>
         <value>0xc02c</value>
         <object_component_ref idref="oc-a1"/>
      </symbol>
      <symbol id="sm-221">
         <name>_VdTesting</name>
         <value>0xc020</value>
         <object_component_ref idref="oc-a1"/>
      </symbol>
      <symbol id="sm-222">
         <name>_clarke1</name>
         <value>0xc034</value>
         <object_component_ref idref="oc-a1"/>
      </symbol>
      <symbol id="sm-223">
         <name>_VTimer1</name>
         <value>0xc1a6</value>
         <object_component_ref idref="oc-102"/>
      </symbol>
      <symbol id="sm-224">
         <name>_VTimer0</name>
         <value>0xc1a2</value>
         <object_component_ref idref="oc-101"/>
      </symbol>
      <symbol id="sm-225">
         <name>_VTimer2</name>
         <value>0xc1aa</value>
         <object_component_ref idref="oc-103"/>
      </symbol>
      <symbol id="sm-226">
         <name>_OffsetFlag</name>
         <value>0xc001</value>
         <object_component_ref idref="oc-a1"/>
      </symbol>
      <symbol id="sm-227">
         <name>_C_Task_Ptr</name>
         <value>0xc014</value>
         <object_component_ref idref="oc-a1"/>
      </symbol>
      <symbol id="sm-228">
         <name>_A_Task_Ptr</name>
         <value>0xc010</value>
         <object_component_ref idref="oc-a1"/>
      </symbol>
      <symbol id="sm-229">
         <name>_K2</name>
         <value>0xc01e</value>
         <object_component_ref idref="oc-a1"/>
      </symbol>
      <symbol id="sm-22a">
         <name>_K1</name>
         <value>0xc01c</value>
         <object_component_ref idref="oc-a1"/>
      </symbol>
      <symbol id="sm-22b">
         <name>_pwm1</name>
         <value>0xc040</value>
         <object_component_ref idref="oc-a1"/>
      </symbol>
      <symbol id="sm-22c">
         <name>_Alpha_State_Ptr</name>
         <value>0xc00e</value>
         <object_component_ref idref="oc-a1"/>
      </symbol>
      <symbol id="sm-22d">
         <name>_IdRef</name>
         <value>0xc024</value>
         <object_component_ref idref="oc-a1"/>
      </symbol>
      <symbol id="sm-22e">
         <name>_rg1</name>
         <value>0xc04a</value>
         <object_component_ref idref="oc-a1"/>
      </symbol>
      <symbol id="sm-22f">
         <name>_SpeedLoopCount</name>
         <value>0xc00d</value>
         <object_component_ref idref="oc-a1"/>
      </symbol>
      <symbol id="sm-230">
         <name>_LockRotorFlag</name>
         <value>0xc00b</value>
         <object_component_ref idref="oc-a1"/>
      </symbol>
      <symbol id="sm-231">
         <name>_pi_spd</name>
         <value>0xc100</value>
         <object_component_ref idref="oc-a1"/>
      </symbol>
      <symbol id="sm-232">
         <name>_VqTesting</name>
         <value>0xc022</value>
         <object_component_ref idref="oc-a1"/>
      </symbol>
      <symbol id="sm-233">
         <name>_dlog</name>
         <value>0xc0d4</value>
         <object_component_ref idref="oc-a1"/>
      </symbol>
      <symbol id="sm-234">
         <name>_rc1</name>
         <value>0xc080</value>
         <object_component_ref idref="oc-a1"/>
      </symbol>
      <symbol id="sm-235">
         <name>_pwmdac1</name>
         <value>0xc02e</value>
         <object_component_ref idref="oc-a1"/>
      </symbol>
      <symbol id="sm-236">
         <name>_C3</name>
         <value>0x9435</value>
         <object_component_ref idref="oc-f9"/>
      </symbol>
      <symbol id="sm-238">
         <name>_C2</name>
         <value>0x942f</value>
         <object_component_ref idref="oc-f9"/>
      </symbol>
      <symbol id="sm-23a">
         <name>_C1</name>
         <value>0x9409</value>
         <object_component_ref idref="oc-f9"/>
      </symbol>
      <symbol id="sm-23c">
         <name>_C0</name>
         <value>0x93c4</value>
         <object_component_ref idref="oc-f9"/>
      </symbol>
      <symbol id="sm-23e">
         <name>_B3</name>
         <value>0x9403</value>
         <object_component_ref idref="oc-f9"/>
      </symbol>
      <symbol id="sm-240">
         <name>_B2</name>
         <value>0x93fd</value>
         <object_component_ref idref="oc-f9"/>
      </symbol>
      <symbol id="sm-242">
         <name>_B1</name>
         <value>0x93f7</value>
         <object_component_ref idref="oc-f9"/>
      </symbol>
      <symbol id="sm-244">
         <name>_B0</name>
         <value>0x93ae</value>
         <object_component_ref idref="oc-f9"/>
      </symbol>
      <symbol id="sm-246">
         <name>_A3</name>
         <value>0x93f1</value>
         <object_component_ref idref="oc-f9"/>
      </symbol>
      <symbol id="sm-248">
         <name>_A2</name>
         <value>0x93eb</value>
         <object_component_ref idref="oc-f9"/>
      </symbol>
      <symbol id="sm-24a">
         <name>_A1</name>
         <value>0x93da</value>
         <object_component_ref idref="oc-f9"/>
      </symbol>
      <symbol id="sm-24c">
         <name>_A0</name>
         <value>0x9395</value>
         <object_component_ref idref="oc-f9"/>
      </symbol>
      <symbol id="sm-24e">
         <name>_ePWM</name>
         <value>0xc18e</value>
         <object_component_ref idref="oc-f6"/>
      </symbol>
      <symbol id="sm-24f">
         <name>_BackTicker</name>
         <value>0xc002</value>
         <object_component_ref idref="oc-a1"/>
      </symbol>
      <symbol id="sm-250">
         <name>_EnableFlag</name>
         <value>0xc00a</value>
         <object_component_ref idref="oc-a1"/>
      </symbol>
      <symbol id="sm-251">
         <name>_pi_id</name>
         <value>0xc118</value>
         <object_component_ref idref="oc-a1"/>
      </symbol>
      <symbol id="sm-252">
         <name>_pi_iq</name>
         <value>0xc140</value>
         <object_component_ref idref="oc-a1"/>
      </symbol>
      <symbol id="sm-253">
         <name>_svgen1</name>
         <value>0xc090</value>
         <object_component_ref idref="oc-a1"/>
      </symbol>
      <symbol id="sm-254">
         <name>_lsw</name>
         <value>0xc003</value>
         <object_component_ref idref="oc-a1"/>
      </symbol>
      <symbol id="sm-255">
         <name>_eCAP</name>
         <value>0xc180</value>
         <object_component_ref idref="oc-f5"/>
      </symbol>
      <symbol id="sm-256">
         <name>_ipark1</name>
         <value>0xc064</value>
         <object_component_ref idref="oc-a1"/>
      </symbol>
      <symbol id="sm-257">
         <name>_SpeedLoopPrescaler</name>
         <value>0xc00c</value>
         <object_component_ref idref="oc-a1"/>
      </symbol>
      <symbol id="sm-258">
         <name>_eQEP</name>
         <value>0xc178</value>
         <object_component_ref idref="oc-f7"/>
      </symbol>
      <symbol id="sm-259">
         <name>_ChSel</name>
         <value>0xc168</value>
         <object_component_ref idref="oc-fd"/>
      </symbol>
      <symbol id="sm-25a">
         <name>_park1</name>
         <value>0xc056</value>
         <object_component_ref idref="oc-a1"/>
      </symbol>
      <symbol id="sm-25b">
         <name>_HVDMC_Protection</name>
         <value>0x943b</value>
         <object_component_ref idref="oc-f9"/>
      </symbol>
      <symbol id="sm-25d">
         <name>_SerialCommsTimer</name>
         <value>0xc000</value>
         <object_component_ref idref="oc-a1"/>
      </symbol>
      <symbol id="sm-25e">
         <name>_T</name>
         <value>0xc02a</value>
         <object_component_ref idref="oc-a1"/>
      </symbol>
      <symbol id="sm-25f">
         <name>_TripFlagDMC</name>
         <value>0xc004</value>
         <object_component_ref idref="oc-a1"/>
      </symbol>
      <symbol id="sm-268">
         <name>__IQ24cosPU</name>
         <value>0x9b54</value>
         <object_component_ref idref="oc-a8"/>
      </symbol>
      <symbol id="sm-271">
         <name>__IQ24sinPU</name>
         <value>0x9b2b</value>
         <object_component_ref idref="oc-ac"/>
      </symbol>
      <symbol id="sm-275">
         <name>_IQsqrtTable</name>
         <value>0x3fe722</value>
         <object_component_ref idref="oc-b0"/>
      </symbol>
      <symbol id="sm-276">
         <name>_IQisqrtTable</name>
         <value>0x3fe722</value>
         <object_component_ref idref="oc-b0"/>
      </symbol>
      <symbol id="sm-277">
         <name>_IQ2mpyRndSatTable</name>
         <value>0x3feb38</value>
         <object_component_ref idref="oc-b0"/>
      </symbol>
      <symbol id="sm-278">
         <name>_IQ3mpyRndSatTable</name>
         <value>0x3feb2c</value>
         <object_component_ref idref="oc-b0"/>
      </symbol>
      <symbol id="sm-279">
         <name>_IQ1mpyRndSatTable</name>
         <value>0x3feb44</value>
         <object_component_ref idref="oc-b0"/>
      </symbol>
      <symbol id="sm-27a">
         <name>_IQdivRoundSatTable</name>
         <value>0x3fe502</value>
         <object_component_ref idref="oc-b0"/>
      </symbol>
      <symbol id="sm-27b">
         <name>_IQ6mpyRndSatTable</name>
         <value>0x3feb08</value>
         <object_component_ref idref="oc-b0"/>
      </symbol>
      <symbol id="sm-27c">
         <name>_IQ7mpyRndSatTable</name>
         <value>0x3feafc</value>
         <object_component_ref idref="oc-b0"/>
      </symbol>
      <symbol id="sm-27d">
         <name>_IQ4mpyRndSatTable</name>
         <value>0x3feb20</value>
         <object_component_ref idref="oc-b0"/>
      </symbol>
      <symbol id="sm-27e">
         <name>_IQ5mpyRndSatTable</name>
         <value>0x3feb14</value>
         <object_component_ref idref="oc-b0"/>
      </symbol>
      <symbol id="sm-27f">
         <name>_IQ8mpyRndSatTable</name>
         <value>0x3feaf0</value>
         <object_component_ref idref="oc-b0"/>
      </symbol>
      <symbol id="sm-280">
         <name>_IQ9mpyRndSatTable</name>
         <value>0x3feae4</value>
         <object_component_ref idref="oc-b0"/>
      </symbol>
      <symbol id="sm-281">
         <name>_IQcosTableEnd</name>
         <value>0x3fe502</value>
         <object_component_ref idref="oc-b0"/>
      </symbol>
      <symbol id="sm-282">
         <name>_IQisqrtTableEnd</name>
         <value>0x3fe824</value>
         <object_component_ref idref="oc-b0"/>
      </symbol>
      <symbol id="sm-283">
         <name>_IQsinTable</name>
         <value>0x3fe000</value>
         <object_component_ref idref="oc-b0"/>
      </symbol>
      <symbol id="sm-284">
         <name>_IQmpyRndSatTableEnd</name>
         <value>0x3feb50</value>
         <object_component_ref idref="oc-b0"/>
      </symbol>
      <symbol id="sm-285">
         <name>_IQsinTableEnd</name>
         <value>0x3fe400</value>
         <object_component_ref idref="oc-b0"/>
      </symbol>
      <symbol id="sm-286">
         <name>_IQisqrtRoundSatTable</name>
         <value>0x3fe712</value>
         <object_component_ref idref="oc-b0"/>
      </symbol>
      <symbol id="sm-287">
         <name>_IQsqrtRoundSatTable</name>
         <value>0x3fe712</value>
         <object_component_ref idref="oc-b0"/>
      </symbol>
      <symbol id="sm-288">
         <name>_IQ17mpyRndSatTable</name>
         <value>0x3fea84</value>
         <object_component_ref idref="oc-b0"/>
      </symbol>
      <symbol id="sm-289">
         <name>_IQ16mpyRndSatTable</name>
         <value>0x3fea90</value>
         <object_component_ref idref="oc-b0"/>
      </symbol>
      <symbol id="sm-28a">
         <name>_IQ15mpyRndSatTable</name>
         <value>0x3fea9c</value>
         <object_component_ref idref="oc-b0"/>
      </symbol>
      <symbol id="sm-28b">
         <name>_IQ14mpyRndSatTable</name>
         <value>0x3feaa8</value>
         <object_component_ref idref="oc-b0"/>
      </symbol>
      <symbol id="sm-28c">
         <name>_IQ13mpyRndSatTable</name>
         <value>0x3feab4</value>
         <object_component_ref idref="oc-b0"/>
      </symbol>
      <symbol id="sm-28d">
         <name>_IQ12mpyRndSatTable</name>
         <value>0x3feac0</value>
         <object_component_ref idref="oc-b0"/>
      </symbol>
      <symbol id="sm-28e">
         <name>_IQ11mpyRndSatTable</name>
         <value>0x3feacc</value>
         <object_component_ref idref="oc-b0"/>
      </symbol>
      <symbol id="sm-28f">
         <name>_IQ10mpyRndSatTable</name>
         <value>0x3fead8</value>
         <object_component_ref idref="oc-b0"/>
      </symbol>
      <symbol id="sm-290">
         <name>_IQ19mpyRndSatTable</name>
         <value>0x3fea6c</value>
         <object_component_ref idref="oc-b0"/>
      </symbol>
      <symbol id="sm-291">
         <name>_IQ18mpyRndSatTable</name>
         <value>0x3fea78</value>
         <object_component_ref idref="oc-b0"/>
      </symbol>
      <symbol id="sm-292">
         <name>_IQdivTable</name>
         <value>0x3fe510</value>
         <object_component_ref idref="oc-b0"/>
      </symbol>
      <symbol id="sm-293">
         <name>_IQatan2TableEnd</name>
         <value>0x3fe9e8</value>
         <object_component_ref idref="oc-b0"/>
      </symbol>
      <symbol id="sm-294">
         <name>_IQmpyRndSatTable</name>
         <value>0x3fe9e8</value>
         <object_component_ref idref="oc-b0"/>
      </symbol>
      <symbol id="sm-295">
         <name>_IQ30mpyRndSatTable</name>
         <value>0x3fe9e8</value>
         <object_component_ref idref="oc-b0"/>
      </symbol>
      <symbol id="sm-296">
         <name>_IQ27mpyRndSatTable</name>
         <value>0x3fea0c</value>
         <object_component_ref idref="oc-b0"/>
      </symbol>
      <symbol id="sm-297">
         <name>_IQ26mpyRndSatTable</name>
         <value>0x3fea18</value>
         <object_component_ref idref="oc-b0"/>
      </symbol>
      <symbol id="sm-298">
         <name>_IQ25mpyRndSatTable</name>
         <value>0x3fea24</value>
         <object_component_ref idref="oc-b0"/>
      </symbol>
      <symbol id="sm-299">
         <name>_IQ24mpyRndSatTable</name>
         <value>0x3fea30</value>
         <object_component_ref idref="oc-b0"/>
      </symbol>
      <symbol id="sm-29a">
         <name>_IQ23mpyRndSatTable</name>
         <value>0x3fea3c</value>
         <object_component_ref idref="oc-b0"/>
      </symbol>
      <symbol id="sm-29b">
         <name>_IQ22mpyRndSatTable</name>
         <value>0x3fea48</value>
         <object_component_ref idref="oc-b0"/>
      </symbol>
      <symbol id="sm-29c">
         <name>_IQ21mpyRndSatTable</name>
         <value>0x3fea54</value>
         <object_component_ref idref="oc-b0"/>
      </symbol>
      <symbol id="sm-29d">
         <name>_IQ20mpyRndSatTable</name>
         <value>0x3fea60</value>
         <object_component_ref idref="oc-b0"/>
      </symbol>
      <symbol id="sm-29e">
         <name>_IQatan2Table</name>
         <value>0x3fe862</value>
         <object_component_ref idref="oc-b0"/>
      </symbol>
      <symbol id="sm-29f">
         <name>_IQ29mpyRndSatTable</name>
         <value>0x3fe9f4</value>
         <object_component_ref idref="oc-b0"/>
      </symbol>
      <symbol id="sm-2a0">
         <name>_IQ28mpyRndSatTable</name>
         <value>0x3fea00</value>
         <object_component_ref idref="oc-b0"/>
      </symbol>
      <symbol id="sm-2a1">
         <name>_IQdivTableEnd</name>
         <value>0x3fe712</value>
         <object_component_ref idref="oc-b0"/>
      </symbol>
      <symbol id="sm-2a2">
         <name>_IQcosTable</name>
         <value>0x3fe100</value>
         <object_component_ref idref="oc-b0"/>
      </symbol>
      <symbol id="sm-2a3">
         <name>_IQsqrtTableEnd</name>
         <value>0x3fe824</value>
         <object_component_ref idref="oc-b0"/>
      </symbol>
      <symbol id="sm-2a4">
         <name>_IQatan2HalfPITable</name>
         <value>0x3fe824</value>
         <object_component_ref idref="oc-b0"/>
      </symbol>
      <symbol id="sm-2bf">
         <name>_c_int00</name>
         <value>0x99b5</value>
         <object_component_ref idref="oc-4b"/>
      </symbol>
      <symbol id="sm-2c0">
         <name>__stack</name>
         <value>0x400</value>
         <object_component_ref idref="oc-b1"/>
      </symbol>
      <symbol id="sm-2d2">
         <name>FD$$MPY</name>
         <value>0x9932</value>
         <object_component_ref idref="oc-b7"/>
      </symbol>
      <symbol id="sm-2e1">
         <name>FD$$TOL</name>
         <value>0x9aa3</value>
         <object_component_ref idref="oc-bc"/>
      </symbol>
      <symbol id="sm-2f2">
         <name>FS$$DIV</name>
         <value>0x98aa</value>
         <object_component_ref idref="oc-c1"/>
      </symbol>
      <symbol id="sm-302">
         <name>FS$$TOFD</name>
         <value>0x9adf</value>
         <object_component_ref idref="oc-c6"/>
      </symbol>
      <symbol id="sm-311">
         <name>_copy_in</name>
         <value>0x9a7f</value>
         <object_component_ref idref="oc-f1"/>
      </symbol>
      <symbol id="sm-323">
         <name>_memcpy</name>
         <value>0x9ac2</value>
         <object_component_ref idref="oc-f8"/>
      </symbol>
      <symbol id="sm-330">
         <name>__system_pre_init</name>
         <value>0x9b28</value>
         <object_component_ref idref="oc-f0"/>
      </symbol>
      <symbol id="sm-33e">
         <name>__system_post_cinit</name>
         <value>0x9b2a</value>
         <object_component_ref idref="oc-f2"/>
      </symbol>
      <symbol id="sm-353">
         <name>C$$EXIT</name>
         <value>0x9a56</value>
         <object_component_ref idref="oc-f4"/>
      </symbol>
      <symbol id="sm-354">
         <name>_exit</name>
         <value>0x9a58</value>
         <object_component_ref idref="oc-f4"/>
      </symbol>
      <symbol id="sm-356">
         <name>___TI_cleanup_ptr</name>
         <value>0xc19e</value>
         <object_component_ref idref="oc-e1"/>
      </symbol>
      <symbol id="sm-357">
         <name>___TI_enable_exit_profile_output</name>
         <value>0xc19c</value>
         <object_component_ref idref="oc-e1"/>
      </symbol>
      <symbol id="sm-358">
         <name>_abort</name>
         <value>0x9a56</value>
         <object_component_ref idref="oc-f4"/>
      </symbol>
      <symbol id="sm-35a">
         <name>___TI_dtors_ptr</name>
         <value>0xc1a0</value>
         <object_component_ref idref="oc-e1"/>
      </symbol>
      <symbol id="sm-36e">
         <name>__unlock</name>
         <value>0xc1ae</value>
         <object_component_ref idref="oc-106"/>
      </symbol>
      <symbol id="sm-36f">
         <name>__lock</name>
         <value>0xc17e</value>
         <object_component_ref idref="oc-fa"/>
      </symbol>
      <symbol id="sm-370">
         <name>__register_lock</name>
         <value>0x9b1b</value>
         <object_component_ref idref="oc-104"/>
      </symbol>
      <symbol id="sm-372">
         <name>__nop</name>
         <value>0x9b1f</value>
         <object_component_ref idref="oc-104"/>
      </symbol>
      <symbol id="sm-374">
         <name>__register_unlock</name>
         <value>0x9b17</value>
         <object_component_ref idref="oc-104"/>
      </symbol>
      <symbol id="sm-384">
         <name>__args_main</name>
         <value>0x9afb</value>
         <object_component_ref idref="oc-f3"/>
      </symbol>
   </symbol_table>
   <title>Link successful</title>
</link_info>
