******************************************************************************
             TMS320C2000 Linker PC v22.6.0                     
******************************************************************************
>> Linked Thu May  8 19:30:38 2025

OUTPUT FILE NAME:   <PMSM_28335.out>
ENTRY POINT SYMBOL: "_c_int00"  address: 00009c54


MEMORY CONFIGURATION

         name            origin    length      used     unused   attr    fill
----------------------  --------  ---------  --------  --------  ----  --------
PAGE 0:
  BEGIN                 00000000   00000002  00000002  00000000  RWIX
  BOOT_RSVD             00000002   0000004e  00000000  0000004e  RWIX
  RAMM0                 00000050   000003b0  00000000  000003b0  RWIX
  RAML0                 00008000   00001000  000002cc  00000d34  RWIX
  RAML1                 00009000   00001800  00000d86  00000a7a  RWIX
  RAML2                 0000b000   00001000  00000000  00001000  RWIX
  RAML3                 0000c000   00001000  00000000  00001000  RWIX
  ZONE7A                00200000   0000fc00  00000000  0000fc00  RWIX
  CSM_RSVD              0033ff80   00000076  00000000  00000076  RWIX
  CSM_PWL               0033fff8   00000008  00000000  00000008  RWIX
  ADC_CAL               00380080   00000009  00000007  00000002  RWIX
  IQTABLES              003fe000   00000b50  00000000  00000b50  RWIX
  IQTABLES2             003feb50   0000008c  00000000  0000008c  RWIX
  FPUTABLES             003febdc   000006a0  00000000  000006a0  RWIX
  BOOTROM               003ff27c   00000d44  00000000  00000d44  RWIX
  RESET                 003fffc0   00000002  00000000  00000002  RWIX

PAGE 1:
  RAMM1                 00000400   00000400  00000322  000000de  RWIX
  DEV_EMU               00000880   00000180  000000d0  000000b0  RWIX
  FLASH_REGS            00000a80   00000060  00000008  00000058  RWIX
  CSM                   00000ae0   00000010  00000010  00000000  RWIX
  ADC_MIRROR            00000b00   00000010  00000010  00000000  RWIX
  XINTF                 00000b20   00000020  0000001e  00000002  RWIX
  CPU_TIMER0            00000c00   00000008  00000008  00000000  RWIX
  CPU_TIMER1            00000c08   00000008  00000008  00000000  RWIX
  CPU_TIMER2            00000c10   00000008  00000008  00000000  RWIX
  PIE_CTRL              00000ce0   00000020  0000001a  00000006  RWIX
  PIE_VECT              00000d00   00000100  00000100  00000000  RWIX
  DMA                   00001000   00000200  000000e0  00000120  RWIX
  MCBSPA                00005000   00000040  00000025  0000001b  RWIX
  MCBSPB                00005040   00000040  00000025  0000001b  RWIX
  ECANA                 00006000   00000040  00000034  0000000c  RWIX
  ECANA_LAM             00006040   00000040  00000040  00000000  RWIX
  ECANA_MOTS            00006080   00000040  00000040  00000000  RWIX
  ECANA_MOTO            000060c0   00000040  00000040  00000000  RWIX
  ECANA_MBOX            00006100   00000100  00000100  00000000  RWIX
  ECANB                 00006200   00000040  00000034  0000000c  RWIX
  ECANB_LAM             00006240   00000040  00000040  00000000  RWIX
  ECANB_MOTS            00006280   00000040  00000040  00000000  RWIX
  ECANB_MOTO            000062c0   00000040  00000040  00000000  RWIX
  ECANB_MBOX            00006300   00000100  00000100  00000000  RWIX
  EPWM1                 00006800   00000022  00000022  00000000  RWIX
  EPWM2                 00006840   00000022  00000022  00000000  RWIX
  EPWM3                 00006880   00000022  00000022  00000000  RWIX
  EPWM4                 000068c0   00000022  00000022  00000000  RWIX
  EPWM5                 00006900   00000022  00000022  00000000  RWIX
  EPWM6                 00006940   00000022  00000022  00000000  RWIX
  ECAP1                 00006a00   00000020  00000020  00000000  RWIX
  ECAP2                 00006a20   00000020  00000020  00000000  RWIX
  ECAP3                 00006a40   00000020  00000020  00000000  RWIX
  ECAP4                 00006a60   00000020  00000020  00000000  RWIX
  ECAP5                 00006a80   00000020  00000020  00000000  RWIX
  ECAP6                 00006aa0   00000020  00000020  00000000  RWIX
  EQEP1                 00006b00   00000040  00000040  00000000  RWIX
  EQEP2                 00006b40   00000040  00000040  00000000  RWIX
  GPIOCTRL              00006f80   00000040  0000002e  00000012  RWIX
  GPIODAT               00006fc0   00000020  00000020  00000000  RWIX
  GPIOINT               00006fe0   00000020  0000000a  00000016  RWIX
  SYSTEM                00007010   00000020  00000020  00000000  RWIX
  SPIA                  00007040   00000010  00000010  00000000  RWIX
  SCIA                  00007050   00000010  00000010  00000000  RWIX
  XINTRUPT              00007070   00000010  00000010  00000000  RWIX
  ADC                   00007100   00000020  0000001e  00000002  RWIX
  SCIB                  00007750   00000010  00000010  00000000  RWIX
  SCIC                  00007770   00000010  00000010  00000000  RWIX
  I2CA                  00007900   00000040  00000022  0000001e  RWIX
  RAML4                 0000c000   00001000  00000589  00000a77  RWIX
  RAML5                 0000d000   00001000  00000000  00001000  RWIX
  RAML6                 0000e000   00001000  00000000  00001000  RWIX
  RAML7                 0000f000   00001000  00000000  00001000  RWIX
  ZONE7B                0020fc00   00000400  00000000  00000400  RWIX
  CSM_PWL               0033fff8   00000008  00000008  00000000  RWIX
  PARTID                00380090   00000001  00000001  00000000  RWIX


SECTION ALLOCATION MAP

 output                                  attributes/
section   page    origin      length       input sections
--------  ----  ----------  ----------   ----------------
codestart 
*          0    00000000    00000002     
                  00000000    00000002     DSP2833x_CodeStartBranch.obj (codestart)

.cinit     0    00008000    000002c8     
                  00008000    00000247     main.obj (.cinit)
                  00008247    00000013     main.obj (.cinit:_ACQPS)
                  0000825a    00000013     main.obj (.cinit:_ChSel)
                  0000826d    00000011     main.obj (.cinit:_eCAP)
                  0000827e    00000011     main.obj (.cinit:_ePWM)
                  0000828f    0000000e     rts2800_fpu32.lib : exit.c.obj (.cinit)
                  0000829d    00000009     main.obj (.cinit:_Rx)
                  000082a6    00000009     main.obj (.cinit:_Tx)
                  000082af    00000009     main.obj (.cinit:_eQEP)
                  000082b8    00000005     <whole-program> (.cinit:__lock)
                  000082bd    00000005     <whole-program> (.cinit:__unlock)
                  000082c2    00000004     <whole-program> (.cinit)
                  000082c6    00000002     --HOLE-- [fill = 0]

ramfuncs   0    000082c8    00000004     
                  000082c8    00000004     DSP2833x_usDelay.obj (ramfuncs)

.text      0    00009000    00000d86     
                  00009000    000004ac     main.obj (.text:retain)
                  000094ac    0000041f     main.obj (.text)
                  000098cb    000001df     HVPM_Sensored-DevInit_F2833x.obj (.text)
                  00009aaa    00000088     rts2800_fpu32.lib : fs_div28.asm.obj (.text)
                  00009b32    00000066                       : s_sinf.c.obj (.text)
                  00009b98    00000063                       : s_cosf.c.obj (.text)
                  00009bfb    00000059                       : s_floorf.c.obj (.text)
                  00009c54    00000056                       : boot28.asm.obj (.text)
                  00009caa    0000004b     DLOG4CHC.obj (.text)
                  00009cf5    00000029     rts2800_fpu32.lib : exit.c.obj (.text)
                  00009d1e    00000024                       : cpy_tbl.c.obj (.text)
                  00009d42    0000001c                       : memcpy.c.obj (.text)
                  00009d5e    00000012                       : args_main.c.obj (.text)
                  00009d70    0000000a     HVPM_Sensored-DevInit_F2833x.obj (.text:retain)
                  00009d7a    00000008     DSP2833x_CodeStartBranch.obj (.text)
                  00009d82    00000002     rts2800_fpu32.lib : pre_init.c.obj (.text)
                  00009d84    00000001                       : _lock.c.obj (.text)
                  00009d85    00000001                       : startup.c.obj (.text)

.pinit     0    00008000    00000000     UNINITIALIZED

.stack     1    00000400    00000300     UNINITIALIZED
                  00000400    00000300     --HOLE--

.ebss      1    0000c320    00000269     UNINITIALIZED
                  0000c320    00000010     main.obj (.ebss:_ACQPS)
                  0000c330    00000010     main.obj (.ebss:_ChSel)
                  0000c340    000001fe     main.obj (.ebss)
                  0000c53e    00000002     rts2800_fpu32.lib : _lock.c.obj (.ebss:__lock)
                  0000c540    0000000e     main.obj (.ebss:_eCAP)
                  0000c54e    0000000e     main.obj (.ebss:_ePWM)
                  0000c55c    00000006     main.obj (.ebss:_Rx)
                  0000c562    00000006     main.obj (.ebss:_Tx)
                  0000c568    00000006     main.obj (.ebss:_eQEP)
                  0000c56e    00000006     main.obj (.ebss:_sdata)
                  0000c574    00000006     rts2800_fpu32.lib : exit.c.obj (.ebss)
                  0000c57a    00000004     main.obj (.ebss:_VTimer0)
                  0000c57e    00000002     rts2800_fpu32.lib : _lock.c.obj (.ebss:__unlock)
                  0000c580    00000004     main.obj (.ebss:_VTimer1)
                  0000c584    00000004     main.obj (.ebss:_VTimer2)
                  0000c588    00000001     spi_transfer.obj (.ebss)

.reset     0    003fffc0    00000002     DSECT
                  003fffc0    00000002     rts2800_fpu32.lib : boot28.asm.obj (.reset)

csm_rsvd   0    0033ff80    00000000     DSECT

csmpasswds 
*          0    0033fff8    00000000     DSECT

.adc_cal   0    00380080    00000007     NOLOAD SECTION
                  00380080    00000007     DSP2833x_ADC_cal.obj (.adc_cal)

DevEmuRegsFile 
*          1    00000880    000000d0     UNINITIALIZED
                  00000880    000000d0     DSP2833x_GlobalVariableDefs.obj (DevEmuRegsFile)

FlashRegsFile 
*          1    00000a80    00000008     UNINITIALIZED
                  00000a80    00000008     DSP2833x_GlobalVariableDefs.obj (FlashRegsFile)

CsmRegsFile 
*          1    00000ae0    00000010     UNINITIALIZED
                  00000ae0    00000010     DSP2833x_GlobalVariableDefs.obj (CsmRegsFile)

AdcMirrorFile 
*          1    00000b00    00000010     UNINITIALIZED
                  00000b00    00000010     DSP2833x_GlobalVariableDefs.obj (AdcMirrorFile)

XintfRegsFile 
*          1    00000b20    0000001e     UNINITIALIZED
                  00000b20    0000001e     DSP2833x_GlobalVariableDefs.obj (XintfRegsFile)

CpuTimer0RegsFile 
*          1    00000c00    00000008     UNINITIALIZED
                  00000c00    00000008     DSP2833x_GlobalVariableDefs.obj (CpuTimer0RegsFile)

CpuTimer1RegsFile 
*          1    00000c08    00000008     UNINITIALIZED
                  00000c08    00000008     DSP2833x_GlobalVariableDefs.obj (CpuTimer1RegsFile)

CpuTimer2RegsFile 
*          1    00000c10    00000008     UNINITIALIZED
                  00000c10    00000008     DSP2833x_GlobalVariableDefs.obj (CpuTimer2RegsFile)

PieCtrlRegsFile 
*          1    00000ce0    0000001a     UNINITIALIZED
                  00000ce0    0000001a     DSP2833x_GlobalVariableDefs.obj (PieCtrlRegsFile)

PieVectTableFile 
*          1    00000d00    00000100     UNINITIALIZED
                  00000d00    00000100     DSP2833x_GlobalVariableDefs.obj (PieVectTableFile)

DmaRegsFile 
*          1    00001000    000000e0     UNINITIALIZED
                  00001000    000000e0     DSP2833x_GlobalVariableDefs.obj (DmaRegsFile)

McbspaRegsFile 
*          1    00005000    00000025     UNINITIALIZED
                  00005000    00000025     DSP2833x_GlobalVariableDefs.obj (McbspaRegsFile)

McbspbRegsFile 
*          1    00005040    00000025     UNINITIALIZED
                  00005040    00000025     DSP2833x_GlobalVariableDefs.obj (McbspbRegsFile)

ECanaRegsFile 
*          1    00006000    00000034     UNINITIALIZED
                  00006000    00000034     DSP2833x_GlobalVariableDefs.obj (ECanaRegsFile)

ECanaLAMRegsFile 
*          1    00006040    00000040     UNINITIALIZED
                  00006040    00000040     DSP2833x_GlobalVariableDefs.obj (ECanaLAMRegsFile)

ECanaMOTSRegsFile 
*          1    00006080    00000040     UNINITIALIZED
                  00006080    00000040     DSP2833x_GlobalVariableDefs.obj (ECanaMOTSRegsFile)

ECanaMOTORegsFile 
*          1    000060c0    00000040     UNINITIALIZED
                  000060c0    00000040     DSP2833x_GlobalVariableDefs.obj (ECanaMOTORegsFile)

ECanaMboxesFile 
*          1    00006100    00000100     UNINITIALIZED
                  00006100    00000100     DSP2833x_GlobalVariableDefs.obj (ECanaMboxesFile)

ECanbRegsFile 
*          1    00006200    00000034     UNINITIALIZED
                  00006200    00000034     DSP2833x_GlobalVariableDefs.obj (ECanbRegsFile)

ECanbLAMRegsFile 
*          1    00006240    00000040     UNINITIALIZED
                  00006240    00000040     DSP2833x_GlobalVariableDefs.obj (ECanbLAMRegsFile)

ECanbMOTSRegsFile 
*          1    00006280    00000040     UNINITIALIZED
                  00006280    00000040     DSP2833x_GlobalVariableDefs.obj (ECanbMOTSRegsFile)

ECanbMOTORegsFile 
*          1    000062c0    00000040     UNINITIALIZED
                  000062c0    00000040     DSP2833x_GlobalVariableDefs.obj (ECanbMOTORegsFile)

ECanbMboxesFile 
*          1    00006300    00000100     UNINITIALIZED
                  00006300    00000100     DSP2833x_GlobalVariableDefs.obj (ECanbMboxesFile)

EPwm1RegsFile 
*          1    00006800    00000022     UNINITIALIZED
                  00006800    00000022     DSP2833x_GlobalVariableDefs.obj (EPwm1RegsFile)

EPwm2RegsFile 
*          1    00006840    00000022     UNINITIALIZED
                  00006840    00000022     DSP2833x_GlobalVariableDefs.obj (EPwm2RegsFile)

EPwm3RegsFile 
*          1    00006880    00000022     UNINITIALIZED
                  00006880    00000022     DSP2833x_GlobalVariableDefs.obj (EPwm3RegsFile)

EPwm4RegsFile 
*          1    000068c0    00000022     UNINITIALIZED
                  000068c0    00000022     DSP2833x_GlobalVariableDefs.obj (EPwm4RegsFile)

EPwm5RegsFile 
*          1    00006900    00000022     UNINITIALIZED
                  00006900    00000022     DSP2833x_GlobalVariableDefs.obj (EPwm5RegsFile)

EPwm6RegsFile 
*          1    00006940    00000022     UNINITIALIZED
                  00006940    00000022     DSP2833x_GlobalVariableDefs.obj (EPwm6RegsFile)

ECap1RegsFile 
*          1    00006a00    00000020     UNINITIALIZED
                  00006a00    00000020     DSP2833x_GlobalVariableDefs.obj (ECap1RegsFile)

ECap2RegsFile 
*          1    00006a20    00000020     UNINITIALIZED
                  00006a20    00000020     DSP2833x_GlobalVariableDefs.obj (ECap2RegsFile)

ECap3RegsFile 
*          1    00006a40    00000020     UNINITIALIZED
                  00006a40    00000020     DSP2833x_GlobalVariableDefs.obj (ECap3RegsFile)

ECap4RegsFile 
*          1    00006a60    00000020     UNINITIALIZED
                  00006a60    00000020     DSP2833x_GlobalVariableDefs.obj (ECap4RegsFile)

ECap5RegsFile 
*          1    00006a80    00000020     UNINITIALIZED
                  00006a80    00000020     DSP2833x_GlobalVariableDefs.obj (ECap5RegsFile)

ECap6RegsFile 
*          1    00006aa0    00000020     UNINITIALIZED
                  00006aa0    00000020     DSP2833x_GlobalVariableDefs.obj (ECap6RegsFile)

EQep1RegsFile 
*          1    00006b00    00000040     UNINITIALIZED
                  00006b00    00000040     DSP2833x_GlobalVariableDefs.obj (EQep1RegsFile)

EQep2RegsFile 
*          1    00006b40    00000040     UNINITIALIZED
                  00006b40    00000040     DSP2833x_GlobalVariableDefs.obj (EQep2RegsFile)

GpioCtrlRegsFile 
*          1    00006f80    0000002e     UNINITIALIZED
                  00006f80    0000002e     DSP2833x_GlobalVariableDefs.obj (GpioCtrlRegsFile)

GpioDataRegsFile 
*          1    00006fc0    00000020     UNINITIALIZED
                  00006fc0    00000020     DSP2833x_GlobalVariableDefs.obj (GpioDataRegsFile)

GpioIntRegsFile 
*          1    00006fe0    0000000a     UNINITIALIZED
                  00006fe0    0000000a     DSP2833x_GlobalVariableDefs.obj (GpioIntRegsFile)

SysCtrlRegsFile 
*          1    00007010    00000020     UNINITIALIZED
                  00007010    00000020     DSP2833x_GlobalVariableDefs.obj (SysCtrlRegsFile)

SpiaRegsFile 
*          1    00007040    00000010     UNINITIALIZED
                  00007040    00000010     DSP2833x_GlobalVariableDefs.obj (SpiaRegsFile)

SciaRegsFile 
*          1    00007050    00000010     UNINITIALIZED
                  00007050    00000010     DSP2833x_GlobalVariableDefs.obj (SciaRegsFile)

XIntruptRegsFile 
*          1    00007070    00000010     UNINITIALIZED
                  00007070    00000010     DSP2833x_GlobalVariableDefs.obj (XIntruptRegsFile)

AdcRegsFile 
*          1    00007100    0000001e     UNINITIALIZED
                  00007100    0000001e     DSP2833x_GlobalVariableDefs.obj (AdcRegsFile)

ScibRegsFile 
*          1    00007750    00000010     UNINITIALIZED
                  00007750    00000010     DSP2833x_GlobalVariableDefs.obj (ScibRegsFile)

ScicRegsFile 
*          1    00007770    00000010     UNINITIALIZED
                  00007770    00000010     DSP2833x_GlobalVariableDefs.obj (ScicRegsFile)

I2caRegsFile 
*          1    00007900    00000022     UNINITIALIZED
                  00007900    00000022     DSP2833x_GlobalVariableDefs.obj (I2caRegsFile)

DLOG       1    0000c000    00000320     UNINITIALIZED
                  0000c000    00000320     DLOG4CHC.obj (DLOG)

CsmPwlFile 
*          1    0033fff8    00000008     UNINITIALIZED
                  0033fff8    00000008     DSP2833x_GlobalVariableDefs.obj (CsmPwlFile)

PartIdRegsFile 
*          1    00380090    00000001     UNINITIALIZED
                  00380090    00000001     DSP2833x_GlobalVariableDefs.obj (PartIdRegsFile)

EPwm7RegsFile 
*          1    00000700    00000022     UNINITIALIZED
                  00000700    00000022     DSP2833x_GlobalVariableDefs.obj (EPwm7RegsFile)

MODULE SUMMARY

       Module                                   code   initialized data   uninitialized data
       ------                                   ----   ----------------   ------------------
    .\
       main.obj                                 2251   682                606               
       DSP2833x_GlobalVariableDefs.obj          0      0                  2713              
       DLOG4CHC.obj                             75     0                  800               
       HVPM_Sensored-DevInit_F2833x.obj         489    0                  0                 
       DSP2833x_CodeStartBranch.obj             10     0                  0                 
       DSP2833x_ADC_cal.obj                     7      0                  0                 
       DSP2833x_usDelay.obj                     4      0                  0                 
       spi_transfer.obj                         0      0                  1                 
    +--+----------------------------------------+------+------------------+--------------------+
       Total:                                   2836   682                4120              
                                                                                            
    C:\Users\steve\AppData\Local\Temp\
       {974A8DBF-9F6C-4FD6-9E98-AE6101612BA0}   0      14                 0                 
    +--+----------------------------------------+------+------------------+--------------------+
       Total:                                   0      14                 0                 
                                                                                            
    C:\ti\ccs1200\ccs\tools\compiler\ti-cgt-c2000_22.6.0.LTS\lib\rts2800_fpu32.lib
       fs_div28.asm.obj                         136    0                  0                 
       s_sinf.c.obj                             102    0                  0                 
       s_cosf.c.obj                             99     0                  0                 
       s_floorf.c.obj                           89     0                  0                 
       boot28.asm.obj                           86     0                  0                 
       exit.c.obj                               41     14                 6                 
       cpy_tbl.c.obj                            36     0                  0                 
       memcpy.c.obj                             28     0                  0                 
       args_main.c.obj                          18     0                  0                 
       _lock.c.obj                              1      0                  4                 
       pre_init.c.obj                           2      0                  0                 
       startup.c.obj                            1      0                  0                 
    +--+----------------------------------------+------+------------------+--------------------+
       Total:                                   639    14                 10                
                                                                                            
       Stack:                                   0      0                  768               
    +--+----------------------------------------+------+------------------+--------------------+
       Grand Total:                             3475   710                4898              


GLOBAL DATA SYMBOLS: SORTED BY DATA PAGE

address     data page           name
--------    ----------------    ----
00000400      10 (00000400)     __stack

00000700      1c (00000700)     _EPwm7Regs

00000880      22 (00000880)     _DevEmuRegs

00000a80      2a (00000a80)     _FlashRegs

00000ae0      2b (00000ac0)     _CsmRegs

00000b00      2c (00000b00)     _AdcMirror
00000b20      2c (00000b00)     _XintfRegs

00000c00      30 (00000c00)     _CpuTimer0Regs
00000c08      30 (00000c00)     _CpuTimer1Regs
00000c10      30 (00000c00)     _CpuTimer2Regs

00000ce0      33 (00000cc0)     _PieCtrlRegs

00000d00      34 (00000d00)     _PieVectTable

00001000      40 (00001000)     _DmaRegs

00005000     140 (00005000)     _McbspaRegs

00005040     141 (00005040)     _McbspbRegs

00006000     180 (00006000)     _ECanaRegs

00006040     181 (00006040)     _ECanaLAMRegs

00006080     182 (00006080)     _ECanaMOTSRegs

000060c0     183 (000060c0)     _ECanaMOTORegs

00006100     184 (00006100)     _ECanaMboxes

00006200     188 (00006200)     _ECanbRegs

00006240     189 (00006240)     _ECanbLAMRegs

00006280     18a (00006280)     _ECanbMOTSRegs

000062c0     18b (000062c0)     _ECanbMOTORegs

00006300     18c (00006300)     _ECanbMboxes

00006800     1a0 (00006800)     _EPwm1Regs

00006840     1a1 (00006840)     _EPwm2Regs

00006880     1a2 (00006880)     _EPwm3Regs

000068c0     1a3 (000068c0)     _EPwm4Regs

00006900     1a4 (00006900)     _EPwm5Regs

00006940     1a5 (00006940)     _EPwm6Regs

00006a00     1a8 (00006a00)     _ECap1Regs
00006a20     1a8 (00006a00)     _ECap2Regs

00006a40     1a9 (00006a40)     _ECap3Regs
00006a60     1a9 (00006a40)     _ECap4Regs

00006a80     1aa (00006a80)     _ECap5Regs
00006aa0     1aa (00006a80)     _ECap6Regs

00006b00     1ac (00006b00)     _EQep1Regs

00006b40     1ad (00006b40)     _EQep2Regs

00006f80     1be (00006f80)     _GpioCtrlRegs

00006fc0     1bf (00006fc0)     _GpioDataRegs
00006fe0     1bf (00006fc0)     _GpioIntRegs

00007010     1c0 (00007000)     _SysCtrlRegs

00007040     1c1 (00007040)     _SpiaRegs
00007050     1c1 (00007040)     _SciaRegs
00007070     1c1 (00007040)     _XIntruptRegs

00007100     1c4 (00007100)     _AdcRegs

00007750     1dd (00007740)     _ScibRegs
00007770     1dd (00007740)     _ScicRegs

00007900     1e4 (00007900)     _I2caRegs

0000c320     30c (0000c300)     _ACQPS
0000c330     30c (0000c300)     _ChSel

0000c340     30d (0000c340)     _SerialCommsTimer
0000c341     30d (0000c340)     _OffsetFlag
0000c342     30d (0000c340)     _LOG_rid
0000c343     30d (0000c340)     _BackTicker
0000c344     30d (0000c340)     _lsw
0000c345     30d (0000c340)     _TripFlagDMC
0000c346     30d (0000c340)     _Init_IFlag
0000c347     30d (0000c340)     _spi_flag
0000c348     30d (0000c340)     _DlogCh1
0000c349     30d (0000c340)     _DlogCh2
0000c34a     30d (0000c340)     _DlogCh3
0000c34b     30d (0000c340)     _DlogCh4
0000c34c     30d (0000c340)     _EnableFlag
0000c34d     30d (0000c340)     _SpeedLoopPrescaler
0000c34e     30d (0000c340)     _SpeedLoopCount
0000c34f     30d (0000c340)     _flag_int
0000c350     30d (0000c340)     _Alpha_State_Ptr
0000c352     30d (0000c340)     _A_Task_Ptr
0000c354     30d (0000c340)     _B_Task_Ptr
0000c356     30d (0000c340)     _C_Task_Ptr
0000c358     30d (0000c340)     _offsetA
0000c35a     30d (0000c340)     _offsetB
0000c35c     30d (0000c340)     _offsetC
0000c35e     30d (0000c340)     _offsetD
0000c360     30d (0000c340)     _offsetE
0000c362     30d (0000c340)     _offsetF
0000c364     30d (0000c340)     _offsetG
0000c366     30d (0000c340)     _K1
0000c368     30d (0000c340)     _K2
0000c36a     30d (0000c340)     _VdTesting
0000c36c     30d (0000c340)     _VqTesting
0000c36e     30d (0000c340)     _IdRef
0000c370     30d (0000c340)     _IqRef
0000c372     30d (0000c340)     _SpeedRef
0000c374     30d (0000c340)     _T
0000c376     30d (0000c340)     _TestData
0000c378     30d (0000c340)     _TestData_Sin
0000c37a     30d (0000c340)     _PI_timer
0000c37c     30d (0000c340)     _TIMER
0000c37e     30d (0000c340)     _rx_test

0000c380     30e (0000c380)     _IsrTicker
0000c382     30e (0000c380)     _LV6_Ticker
0000c384     30e (0000c380)     _SigTicker
0000c386     30e (0000c380)     _elapsed_time_cycles
0000c388     30e (0000c380)     _elapsed_time_cycles1
0000c38a     30e (0000c380)     _elapsed_time
0000c38c     30e (0000c380)     _rdata
0000c38e     30e (0000c380)     _tx_test
0000c390     30e (0000c380)     _received1
0000c394     30e (0000c380)     _pwmdac1
0000c39a     30e (0000c380)     _pk_received
0000c3a0     30e (0000c380)     _clarke1
0000c3aa     30e (0000c380)     _clarke3V
0000c3b4     30e (0000c380)     _pwm1

0000c3c0     30f (0000c3c0)     _rg1
0000c3cc     30f (0000c3c0)     _park1
0000c3da     30f (0000c3c0)     _park3V
0000c3e8     30f (0000c3c0)     _ipark1

0000c400     310 (0000c400)     _rc1
0000c410     310 (0000c400)     _svgen1
0000c422     310 (0000c400)     _qep1

0000c440     311 (0000c440)     _dlog
0000c456     311 (0000c440)     _pi_spd

0000c480     312 (0000c480)     _pi_id
0000c498     312 (0000c480)     _pi_iq

0000c4c0     313 (0000c4c0)     _speed1

0000c500     314 (0000c500)     _lqr1
0000c53e     314 (0000c500)     __lock

0000c540     315 (0000c540)     _eCAP
0000c54e     315 (0000c540)     _ePWM
0000c55c     315 (0000c540)     _Rx
0000c562     315 (0000c540)     _Tx
0000c568     315 (0000c540)     _eQEP
0000c56e     315 (0000c540)     _sdata
0000c574     315 (0000c540)     ___TI_enable_exit_profile_output
0000c576     315 (0000c540)     ___TI_cleanup_ptr
0000c578     315 (0000c540)     ___TI_dtors_ptr
0000c57a     315 (0000c540)     _VTimer0
0000c57e     315 (0000c540)     __unlock

0000c580     316 (0000c580)     _VTimer1
0000c584     316 (0000c580)     _VTimer2
0000c588     316 (0000c580)     _TEMP

0033fff8    cfff (0033ffc0)     _CsmPwl

00380090    e002 (00380080)     _PartIdRegs


GLOBAL SYMBOLS: SORTED ALPHABETICALLY BY Name 

page  address   name                            
----  -------   ----                            
0     00009000  .text                           
0     00009cf5  C$$EXIT                         
0     00009aaa  FS$$DIV                         
0     0000956f  _A0                             
0     00009564  _A1                             
0     00009537  _A2                             
0     00009531  _A3                             
1     0000c320  _ACQPS                          
0     00380080  _ADC_cal                        
1     0000c352  _A_Task_Ptr                     
1     00000b00  _AdcMirror                      
1     00007100  _AdcRegs                        
1     0000c350  _Alpha_State_Ptr                
0     00009587  _B0                             
0     0000955e  _B1                             
0     0000952b  _B2                             
0     00009525  _B3                             
1     0000c354  _B_Task_Ptr                     
1     0000c343  _BackTicker                     
0     0000959c  _C0                             
0     0000953d  _C1                             
0     0000951f  _C2                             
0     00009519  _C3                             
1     0000c356  _C_Task_Ptr                     
1     0000c330  _ChSel                          
1     00000c00  _CpuTimer0Regs                  
1     00000c08  _CpuTimer1Regs                  
1     00000c10  _CpuTimer2Regs                  
1     0033fff8  _CsmPwl                         
1     00000ae0  _CsmRegs                        
0     00009caa  _DLOG_4CH_init                  
0     00009cb5  _DLOG_4CH_update                
0     000082c8  _DSP28x_usDelay                 
1     00000880  _DevEmuRegs                     
0     00009935  _DeviceInit                     
1     0000c348  _DlogCh1                        
1     0000c349  _DlogCh2                        
1     0000c34a  _DlogCh3                        
1     0000c34b  _DlogCh4                        
1     00001000  _DmaRegs                        
1     00006040  _ECanaLAMRegs                   
1     000060c0  _ECanaMOTORegs                  
1     00006080  _ECanaMOTSRegs                  
1     00006100  _ECanaMboxes                    
1     00006000  _ECanaRegs                      
1     00006240  _ECanbLAMRegs                   
1     000062c0  _ECanbMOTORegs                  
1     00006280  _ECanbMOTSRegs                  
1     00006300  _ECanbMboxes                    
1     00006200  _ECanbRegs                      
1     00006a00  _ECap1Regs                      
1     00006a20  _ECap2Regs                      
1     00006a40  _ECap3Regs                      
1     00006a60  _ECap4Regs                      
1     00006a80  _ECap5Regs                      
1     00006aa0  _ECap6Regs                      
1     00006800  _EPwm1Regs                      
1     00006840  _EPwm2Regs                      
1     00006880  _EPwm3Regs                      
1     000068c0  _EPwm4Regs                      
1     00006900  _EPwm5Regs                      
1     00006940  _EPwm6Regs                      
1     00000700  _EPwm7Regs                      
1     00006b00  _EQep1Regs                      
1     00006b40  _EQep2Regs                      
1     0000c34c  _EnableFlag                     
1     00000a80  _FlashRegs                      
1     00006f80  _GpioCtrlRegs                   
1     00006fc0  _GpioDataRegs                   
1     00006fe0  _GpioIntRegs                    
0     000094c9  _HVDMC_Protection               
1     00007900  _I2caRegs                       
0     00009d70  _ISR_ILLEGAL                    
1     0000c36e  _IdRef                          
1     0000c346  _Init_IFlag                     
1     0000c370  _IqRef                          
1     0000c380  _IsrTicker                      
1     0000c366  _K1                             
1     0000c368  _K2                             
1     0000c342  _LOG_rid                        
1     0000c382  _LV6_Ticker                     
0     00009152  _MainISR                        
1     00005000  _McbspaRegs                     
1     00005040  _McbspbRegs                     
0     00009925  _MemCopy                        
1     0000c341  _OffsetFlag                     
0     000090c7  _OffsetISR                      
1     0000c37a  _PI_timer                       
0     00009903  _PLLset                         
1     00380090  _PartIdRegs                     
0     000098e4  _PieCntlInit                    
1     00000ce0  _PieCtrlRegs                    
1     00000d00  _PieVectTable                   
0     000098d3  _PieVectTableInit               
1     0000c55c  _Rx                             
1     00007050  _SciaRegs                       
1     00007750  _ScibRegs                       
1     00007770  _ScicRegs                       
1     0000c340  _SerialCommsTimer               
1     0000c384  _SigTicker                      
1     0000c34e  _SpeedLoopCount                 
1     0000c34d  _SpeedLoopPrescaler             
1     0000c372  _SpeedRef                       
1     00007040  _SpiaRegs                       
1     00007010  _SysCtrlRegs                    
1     0000c374  _T                              
1     0000c588  _TEMP                           
1     0000c37c  _TIMER                          
1     0000c376  _TestData                       
1     0000c378  _TestData_Sin                   
1     0000c345  _TripFlagDMC                    
1     0000c562  _Tx                             
1     0000c57a  _VTimer0                        
1     0000c580  _VTimer1                        
1     0000c584  _VTimer2                        
1     0000c36a  _VdTesting                      
1     0000c36c  _VqTesting                      
0     000098cb  _WDogDisable                    
1     00007070  _XIntruptRegs                   
1     00000b20  _XintfRegs                      
1     00000700  __STACK_END                     
abs   00000300  __STACK_SIZE                    
1     0000c576  ___TI_cleanup_ptr               
1     0000c578  ___TI_dtors_ptr                 
1     0000c574  ___TI_enable_exit_profile_output
abs   ffffffff  ___TI_pprof_out_hndl            
abs   ffffffff  ___TI_prof_data_size            
abs   ffffffff  ___TI_prof_data_start           
abs   ffffffff  ___binit__                      
abs   ffffffff  ___c_args__                     
0     00008000  ___cinit__                      
0     00009d86  ___etext__                      
abs   ffffffff  ___pinit__                      
0     00009000  ___text__                       
0     00009d5e  __args_main                     
1     0000c53e  __lock                          
0     00009d84  __nop                           
1     00000400  __stack                         
0     00009d85  __system_post_cinit             
0     00009d82  __system_pre_init               
1     0000c57e  __unlock                        
0     00009cf5  _abort                          
0     00009c54  _c_int00                        
1     0000c3a0  _clarke1                        
1     0000c3aa  _clarke3V                       
0     00009d1e  _copy_in                        
0     00009b98  _cos                            
0     00009b98  _cosf                           
1     0000c440  _dlog                           
1     0000c540  _eCAP                           
1     0000c54e  _ePWM                           
1     0000c568  _eQEP                           
1     0000c38a  _elapsed_time                   
1     0000c386  _elapsed_time_cycles            
1     0000c388  _elapsed_time_cycles1           
0     00009cf7  _exit                           
1     0000c34f  _flag_int                       
0     00009bfb  _floor                          
0     00009bfb  _floorf                         
1     0000c3e8  _ipark1                         
1     0000c500  _lqr1                           
1     0000c344  _lsw                            
0     000095b1  _main                           
0     00009d42  _memcpy                         
1     0000c358  _offsetA                        
1     0000c35a  _offsetB                        
1     0000c35c  _offsetC                        
1     0000c35e  _offsetD                        
1     0000c360  _offsetE                        
1     0000c362  _offsetF                        
1     0000c364  _offsetG                        
1     0000c3cc  _park1                          
1     0000c3da  _park3V                         
1     0000c480  _pi_id                          
1     0000c498  _pi_iq                          
1     0000c456  _pi_spd                         
1     0000c39a  _pk_received                    
1     0000c3b4  _pwm1                           
1     0000c394  _pwmdac1                        
1     0000c422  _qep1                           
1     0000c400  _rc1                            
1     0000c38c  _rdata                          
1     0000c390  _received1                      
1     0000c3c0  _rg1                            
1     0000c37e  _rx_test                        
1     0000c56e  _sdata                          
0     00009b32  _sin                            
0     00009b32  _sinf                           
1     0000c4c0  _speed1                         
0     0000906f  _spiRxFifoIsr                   
0     00009000  _spiTxFifoIsr                   
0     000094ac  _spi_fifo_init                  
1     0000c347  _spi_flag                       
1     0000c410  _svgen1                         
1     0000c38e  _tx_test                        
abs   ffffffff  binit                           
0     00008000  cinit                           
0     00000000  code_start                      
0     00009d86  etext                           
abs   ffffffff  pinit                           


GLOBAL SYMBOLS: SORTED BY Symbol Address 

page  address   name                            
----  -------   ----                            
0     00000000  code_start                      
0     00008000  ___cinit__                      
0     00008000  cinit                           
0     000082c8  _DSP28x_usDelay                 
0     00009000  .text                           
0     00009000  ___text__                       
0     00009000  _spiTxFifoIsr                   
0     0000906f  _spiRxFifoIsr                   
0     000090c7  _OffsetISR                      
0     00009152  _MainISR                        
0     000094ac  _spi_fifo_init                  
0     000094c9  _HVDMC_Protection               
0     00009519  _C3                             
0     0000951f  _C2                             
0     00009525  _B3                             
0     0000952b  _B2                             
0     00009531  _A3                             
0     00009537  _A2                             
0     0000953d  _C1                             
0     0000955e  _B1                             
0     00009564  _A1                             
0     0000956f  _A0                             
0     00009587  _B0                             
0     0000959c  _C0                             
0     000095b1  _main                           
0     000098cb  _WDogDisable                    
0     000098d3  _PieVectTableInit               
0     000098e4  _PieCntlInit                    
0     00009903  _PLLset                         
0     00009925  _MemCopy                        
0     00009935  _DeviceInit                     
0     00009aaa  FS$$DIV                         
0     00009b32  _sin                            
0     00009b32  _sinf                           
0     00009b98  _cos                            
0     00009b98  _cosf                           
0     00009bfb  _floor                          
0     00009bfb  _floorf                         
0     00009c54  _c_int00                        
0     00009caa  _DLOG_4CH_init                  
0     00009cb5  _DLOG_4CH_update                
0     00009cf5  C$$EXIT                         
0     00009cf5  _abort                          
0     00009cf7  _exit                           
0     00009d1e  _copy_in                        
0     00009d42  _memcpy                         
0     00009d5e  __args_main                     
0     00009d70  _ISR_ILLEGAL                    
0     00009d82  __system_pre_init               
0     00009d84  __nop                           
0     00009d85  __system_post_cinit             
0     00009d86  ___etext__                      
0     00009d86  etext                           
0     00380080  _ADC_cal                        
1     00000400  __stack                         
1     00000700  _EPwm7Regs                      
1     00000700  __STACK_END                     
1     00000880  _DevEmuRegs                     
1     00000a80  _FlashRegs                      
1     00000ae0  _CsmRegs                        
1     00000b00  _AdcMirror                      
1     00000b20  _XintfRegs                      
1     00000c00  _CpuTimer0Regs                  
1     00000c08  _CpuTimer1Regs                  
1     00000c10  _CpuTimer2Regs                  
1     00000ce0  _PieCtrlRegs                    
1     00000d00  _PieVectTable                   
1     00001000  _DmaRegs                        
1     00005000  _McbspaRegs                     
1     00005040  _McbspbRegs                     
1     00006000  _ECanaRegs                      
1     00006040  _ECanaLAMRegs                   
1     00006080  _ECanaMOTSRegs                  
1     000060c0  _ECanaMOTORegs                  
1     00006100  _ECanaMboxes                    
1     00006200  _ECanbRegs                      
1     00006240  _ECanbLAMRegs                   
1     00006280  _ECanbMOTSRegs                  
1     000062c0  _ECanbMOTORegs                  
1     00006300  _ECanbMboxes                    
1     00006800  _EPwm1Regs                      
1     00006840  _EPwm2Regs                      
1     00006880  _EPwm3Regs                      
1     000068c0  _EPwm4Regs                      
1     00006900  _EPwm5Regs                      
1     00006940  _EPwm6Regs                      
1     00006a00  _ECap1Regs                      
1     00006a20  _ECap2Regs                      
1     00006a40  _ECap3Regs                      
1     00006a60  _ECap4Regs                      
1     00006a80  _ECap5Regs                      
1     00006aa0  _ECap6Regs                      
1     00006b00  _EQep1Regs                      
1     00006b40  _EQep2Regs                      
1     00006f80  _GpioCtrlRegs                   
1     00006fc0  _GpioDataRegs                   
1     00006fe0  _GpioIntRegs                    
1     00007010  _SysCtrlRegs                    
1     00007040  _SpiaRegs                       
1     00007050  _SciaRegs                       
1     00007070  _XIntruptRegs                   
1     00007100  _AdcRegs                        
1     00007750  _ScibRegs                       
1     00007770  _ScicRegs                       
1     00007900  _I2caRegs                       
1     0000c320  _ACQPS                          
1     0000c330  _ChSel                          
1     0000c340  _SerialCommsTimer               
1     0000c341  _OffsetFlag                     
1     0000c342  _LOG_rid                        
1     0000c343  _BackTicker                     
1     0000c344  _lsw                            
1     0000c345  _TripFlagDMC                    
1     0000c346  _Init_IFlag                     
1     0000c347  _spi_flag                       
1     0000c348  _DlogCh1                        
1     0000c349  _DlogCh2                        
1     0000c34a  _DlogCh3                        
1     0000c34b  _DlogCh4                        
1     0000c34c  _EnableFlag                     
1     0000c34d  _SpeedLoopPrescaler             
1     0000c34e  _SpeedLoopCount                 
1     0000c34f  _flag_int                       
1     0000c350  _Alpha_State_Ptr                
1     0000c352  _A_Task_Ptr                     
1     0000c354  _B_Task_Ptr                     
1     0000c356  _C_Task_Ptr                     
1     0000c358  _offsetA                        
1     0000c35a  _offsetB                        
1     0000c35c  _offsetC                        
1     0000c35e  _offsetD                        
1     0000c360  _offsetE                        
1     0000c362  _offsetF                        
1     0000c364  _offsetG                        
1     0000c366  _K1                             
1     0000c368  _K2                             
1     0000c36a  _VdTesting                      
1     0000c36c  _VqTesting                      
1     0000c36e  _IdRef                          
1     0000c370  _IqRef                          
1     0000c372  _SpeedRef                       
1     0000c374  _T                              
1     0000c376  _TestData                       
1     0000c378  _TestData_Sin                   
1     0000c37a  _PI_timer                       
1     0000c37c  _TIMER                          
1     0000c37e  _rx_test                        
1     0000c380  _IsrTicker                      
1     0000c382  _LV6_Ticker                     
1     0000c384  _SigTicker                      
1     0000c386  _elapsed_time_cycles            
1     0000c388  _elapsed_time_cycles1           
1     0000c38a  _elapsed_time                   
1     0000c38c  _rdata                          
1     0000c38e  _tx_test                        
1     0000c390  _received1                      
1     0000c394  _pwmdac1                        
1     0000c39a  _pk_received                    
1     0000c3a0  _clarke1                        
1     0000c3aa  _clarke3V                       
1     0000c3b4  _pwm1                           
1     0000c3c0  _rg1                            
1     0000c3cc  _park1                          
1     0000c3da  _park3V                         
1     0000c3e8  _ipark1                         
1     0000c400  _rc1                            
1     0000c410  _svgen1                         
1     0000c422  _qep1                           
1     0000c440  _dlog                           
1     0000c456  _pi_spd                         
1     0000c480  _pi_id                          
1     0000c498  _pi_iq                          
1     0000c4c0  _speed1                         
1     0000c500  _lqr1                           
1     0000c53e  __lock                          
1     0000c540  _eCAP                           
1     0000c54e  _ePWM                           
1     0000c55c  _Rx                             
1     0000c562  _Tx                             
1     0000c568  _eQEP                           
1     0000c56e  _sdata                          
1     0000c574  ___TI_enable_exit_profile_output
1     0000c576  ___TI_cleanup_ptr               
1     0000c578  ___TI_dtors_ptr                 
1     0000c57a  _VTimer0                        
1     0000c57e  __unlock                        
1     0000c580  _VTimer1                        
1     0000c584  _VTimer2                        
1     0000c588  _TEMP                           
1     0033fff8  _CsmPwl                         
1     00380090  _PartIdRegs                     
abs   00000300  __STACK_SIZE                    
abs   ffffffff  ___TI_pprof_out_hndl            
abs   ffffffff  ___TI_prof_data_size            
abs   ffffffff  ___TI_prof_data_start           
abs   ffffffff  ___binit__                      
abs   ffffffff  ___c_args__                     
abs   ffffffff  ___pinit__                      
abs   ffffffff  binit                           
abs   ffffffff  pinit                           

[200 symbols]
